Component: ARM Compiler 5.06 update 6 (build 750) Tool: armlink [4d35ed]

==============================================================================

Section Cross References

    main.o(.text) refers to tasks.o(.text) for vTaskDelay
    main.o(.text) refers to port.o(.text) for vPortEnterCritical
    main.o(.text) refers to misc.o(.text) for NVIC_PriorityGroupConfig
    main.o(.text) refers to delay.o(.text) for delay_init
    main.o(.text) refers to usart.o(.text) for uart_init
    main.o(.text) refers to led.o(.text) for LED_Init
    main.o(.text) refers to main.o(.data) for .data
    system_stm32f10x.o(.text) refers to system_stm32f10x.o(.data) for .data
    led.o(.text) refers to stm32f10x_rcc.o(.text) for RCC_APB2PeriphClockCmd
    led.o(.text) refers to stm32f10x_gpio.o(.text) for GPIO_Init
    delay.o(.text) refers to tasks.o(.text) for xTaskGetSchedulerState
    delay.o(.text) refers to port.o(.text) for xPortSysTickHandler
    delay.o(.text) refers to misc.o(.text) for SysTick_CLKSourceConfig
    delay.o(.text) refers to system_stm32f10x.o(.data) for SystemCoreClock
    delay.o(.text) refers to delay.o(.data) for .data
    usart.o(.text) refers (Special) to use_no_semi_2.o(.text) for __use_no_semihosting
    usart.o(.text) refers to stm32f10x_rcc.o(.text) for RCC_APB2PeriphClockCmd
    usart.o(.text) refers to stm32f10x_gpio.o(.text) for GPIO_Init
    usart.o(.text) refers to misc.o(.text) for NVIC_Init
    usart.o(.text) refers to stm32f10x_usart.o(.text) for USART_Init
    usart.o(.text) refers to usart.o(.data) for .data
    usart.o(.text) refers to usart.o(.bss) for .bss
    usart.o(.bss) refers (Special) to use_no_semi_2.o(.text) for __use_no_semihosting
    usart.o(.data) refers (Special) to use_no_semi_2.o(.text) for __use_no_semihosting
    usart.o(.data) refers (Special) to use_no_semi_2.o(.text) for __use_no_semihosting
    startup_stm32f10x_hd.o(STACK) refers (Special) to heapauxi.o(.text) for __use_two_region_memory
    startup_stm32f10x_hd.o(HEAP) refers (Special) to heapauxi.o(.text) for __use_two_region_memory
    startup_stm32f10x_hd.o(RESET) refers (Special) to heapauxi.o(.text) for __use_two_region_memory
    startup_stm32f10x_hd.o(RESET) refers to startup_stm32f10x_hd.o(STACK) for __initial_sp
    startup_stm32f10x_hd.o(RESET) refers to startup_stm32f10x_hd.o(.text) for Reset_Handler
    startup_stm32f10x_hd.o(RESET) refers to stm32f10x_it.o(.text) for NMI_Handler
    startup_stm32f10x_hd.o(RESET) refers to port.o(.emb_text) for SVC_Handler
    startup_stm32f10x_hd.o(RESET) refers to delay.o(.text) for SysTick_Handler
    startup_stm32f10x_hd.o(RESET) refers to usart.o(.text) for USART1_IRQHandler
    startup_stm32f10x_hd.o(.text) refers (Special) to heapauxi.o(.text) for __use_two_region_memory
    startup_stm32f10x_hd.o(.text) refers to system_stm32f10x.o(.text) for SystemInit
    startup_stm32f10x_hd.o(.text) refers to __main.o(!!!main) for __main
    startup_stm32f10x_hd.o(.text) refers to startup_stm32f10x_hd.o(HEAP) for Heap_Mem
    startup_stm32f10x_hd.o(.text) refers to startup_stm32f10x_hd.o(STACK) for Stack_Mem
    stm32f10x_gpio.o(.text) refers to stm32f10x_rcc.o(.text) for RCC_APB2PeriphResetCmd
    stm32f10x_rcc.o(.text) refers to stm32f10x_rcc.o(.data) for .data
    stm32f10x_usart.o(.text) refers to stm32f10x_rcc.o(.text) for RCC_APB2PeriphResetCmd
    event_groups.o(.text) refers to _printf_percent.o(.ARM.Collect$$_printf_percent$$00000000) for _printf_percent
    event_groups.o(.text) refers to _printf_d.o(.ARM.Collect$$_printf_percent$$00000009) for _printf_d
    event_groups.o(.text) refers to _printf_s.o(.ARM.Collect$$_printf_percent$$00000014) for _printf_s
    event_groups.o(.text) refers to _printf_dec.o(.text) for _printf_int_dec
    event_groups.o(.text) refers to _printf_str.o(.text) for _printf_str
    event_groups.o(.text) refers to heap_4.o(.text) for pvPortMalloc
    event_groups.o(.text) refers to list.o(.text) for vListInitialise
    event_groups.o(.text) refers to noretval__2printf.o(.text) for __2printf
    event_groups.o(.text) refers to tasks.o(.text) for vTaskSuspendAll
    event_groups.o(.text) refers to port.o(.text) for vPortEnterCritical
    event_groups.o(.text) refers to timers.o(.text) for xTimerPendFunctionCallFromISR
    queue.o(.text) refers to _printf_percent.o(.ARM.Collect$$_printf_percent$$00000000) for _printf_percent
    queue.o(.text) refers to _printf_d.o(.ARM.Collect$$_printf_percent$$00000009) for _printf_d
    queue.o(.text) refers to _printf_s.o(.ARM.Collect$$_printf_percent$$00000014) for _printf_s
    queue.o(.text) refers to _printf_dec.o(.text) for _printf_int_dec
    queue.o(.text) refers to _printf_str.o(.text) for _printf_str
    queue.o(.text) refers to noretval__2printf.o(.text) for __2printf
    queue.o(.text) refers to port.o(.text) for vPortEnterCritical
    queue.o(.text) refers to list.o(.text) for vListInitialise
    queue.o(.text) refers to tasks.o(.text) for xTaskRemoveFromEventList
[...]
    libshutdown.o(.ARM.Collect$$libshutdown$$00000000) refers (Special) to libshutdown2.o(.ARM.Collect$$libshutdown$$00000004) for __rt_lib_shutdown_stdio_1
    libshutdown.o(.ARM.Collect$$libshutdown$$00000000) refers (Special) to libshutdown2.o(.ARM.Collect$$libshutdown$$0000000C) for __rt_lib_shutdown_user_alloc_1
    sys_command.o(.text) refers (Special) to use_no_semi.o(.text) for __I$use$semihosting
    sys_command.o(.text) refers (Special) to indicate_semi.o(.text) for __semihosting_library_function
    defsig_rtmem_outer.o(.text) refers to defsig_rtmem_inner.o(.text) for __rt_SIGRTMEM_inner
    defsig_rtmem_outer.o(.text) refers to defsig_exit.o(.text) for __sig_exit
    defsig_rtmem_formal.o(.text) refers to rt_raise.o(.text) for __rt_raise
    rt_raise.o(.text) refers to __raise.o(.text) for __raise
    rt_raise.o(.text) refers to usart.o(.text) for _sys_exit
    defsig_exit.o(.text) refers to usart.o(.text) for _sys_exit
    defsig_rtmem_inner.o(.text) refers to defsig_general.o(.text) for __default_signal_display
    __raise.o(.text) refers to defsig.o(CL$$defsig) for __default_signal_handler
    defsig_general.o(.text) refers to sys_wrch.o(.text) for _ttywrch
    sys_wrch.o(.text) refers (Special) to use_no_semi.o(.text) for __I$use$semihosting
    sys_wrch.o(.text) refers (Special) to indicate_semi.o(.text) for __semihosting_library_function
    defsig.o(CL$$defsig) refers to defsig_rtmem_inner.o(.text) for __rt_SIGRTMEM_inner
    defsig_abrt_inner.o(.text) refers to defsig_general.o(.text) for __default_signal_display
    defsig_fpe_inner.o(.text) refers to defsig_general.o(.text) for __default_signal_display
    defsig_rtred_inner.o(.text) refers to defsig_general.o(.text) for __default_signal_display
    defsig_stak_inner.o(.text) refers to defsig_general.o(.text) for __default_signal_display
    defsig_pvfn_inner.o(.text) refers to defsig_general.o(.text) for __default_signal_display
    defsig_cppl_inner.o(.text) refers to defsig_general.o(.text) for __default_signal_display
    defsig_segv_inner.o(.text) refers to defsig_general.o(.text) for __default_signal_display
    defsig_other.o(.text) refers to defsig_general.o(.text) for __default_signal_display


==============================================================================

Removing Unused input sections from the image.

    Removing sys.o(.emb_text), (6 bytes).
    Removing sys.o(.text), (12 bytes).
    Removing core_cm3.o(.emb_text), (32 bytes).
    Removing event_groups.o(.text), (832 bytes).

4 unused section(s) (total 882 bytes) removed from the image.

==============================================================================

Image Symbol Table

    Local Symbols

    Symbol Name                              Value     Ov Type        Size  Object(Section)

    ../clib/angel/boardlib.s                 0x00000000   Number         0  boardshut.o ABSOLUTE
    ../clib/angel/boardlib.s                 0x00000000   Number         0  boardinit2.o ABSOLUTE
    ../clib/angel/boardlib.s                 0x00000000   Number         0  boardinit3.o ABSOLUTE
    ../clib/angel/boardlib.s                 0x00000000   Number         0  boardinit1.o ABSOLUTE
    ../clib/angel/handlers.s                 0x00000000   Number         0  __scatter_zi.o ABSOLUTE
    ../clib/angel/handlers.s                 0x00000000   Number         0  __scatter_copy.o ABSOLUTE
    ../clib/angel/kernel.s                   0x00000000   Number         0  __rtentry4.o ABSOLUTE
    ../clib/angel/kernel.s                   0x00000000   Number         0  __rtentry2.o ABSOLUTE
    ../clib/angel/kernel.s                   0x00000000   Number         0  __rtentry.o ABSOLUTE
    ../clib/angel/kernel.s                   0x00000000   Number         0  rtexit2.o ABSOLUTE
    ../clib/angel/kernel.s                   0x00000000   Number         0  rtexit.o ABSOLUTE
    ../clib/angel/rt.s                       0x00000000   Number         0  rt_raise.o ABSOLUTE
    ../clib/angel/scatter.s                  0x00000000   Number         0  __scatter.o ABSOLUTE
    ../clib/angel/startup.s                  0x00000000   Number         0  __main.o ABSOLUTE
    ../clib/angel/sys.s                      0x00000000   Number         0  indicate_semi.o ABSOLUTE
    ../clib/angel/sys.s                      0x00000000   Number         0  sys_stackheap_outer.o ABSOLUTE
    ../clib/angel/sys.s                      0x00000000   Number         0  use_no_semi.o ABSOLUTE
    ../clib/angel/sys.s                      0x00000000   Number         0  use_no_semi_2.o ABSOLUTE
    ../clib/angel/sys.s                      0x00000000   Number         0  libspace.o ABSOLUTE
    ../clib/angel/sysapp.c                   0x00000000   Number         0  sys_wrch.o ABSOLUTE
    ../clib/angel/sysapp.c                   0x00000000   Number         0  sys_command.o ABSOLUTE
    ../clib/armsys.c                         0x00000000   Number         0  _get_argv_nomalloc.o ABSOLUTE
    ../clib/armsys.c                         0x00000000   Number         0  argv_veneer.o ABSOLUTE
    ../clib/armsys.c                         0x00000000   Number         0  no_argv.o ABSOLUTE
    ../clib/armsys.c                         0x00000000   Number         0  argv_veneer.o ABSOLUTE
    ../clib/heapalloc.c                      0x00000000   Number         0  hrguard.o ABSOLUTE
    ../clib/heapaux.c                        0x00000000   Number         0  heapauxi.o ABSOLUTE
    ../clib/libinit.s                        0x00000000   Number         0  libshutdown2.o ABSOLUTE
    ../clib/libinit.s                        0x00000000   Number         0  libshutdown.o ABSOLUTE
    ../clib/libinit.s                        0x00000000   Number         0  libinit2.o ABSOLUTE
    ../clib/libinit.s                        0x00000000   Number         0  libinit.o ABSOLUTE
    ../clib/memcpset.s                       0x00000000   Number         0  rt_memcpy_v6.o ABSOLUTE
    ../clib/memcpset.s                       0x00000000   Number         0  rt_memcpy_w.o ABSOLUTE
    ../clib/memcpset.s                       0x00000000   Number         0  rt_memclr.o ABSOLUTE
    ../clib/memcpset.s                       0x00000000   Number         0  rt_memclr_w.o ABSOLUTE
    ../clib/memcpset.s                       0x00000000   Number         0  aeabi_memset.o ABSOLUTE
    ../clib/printf.c                         0x00000000   Number         0  __printf_ss_wp.o ABSOLUTE
    ../clib/printf.c                         0x00000000   Number         0  noretval__2sprintf.o ABSOLUTE
    ../clib/printf.c                         0x00000000   Number         0  __printf_flags_ss_wp.o ABSOLUTE
    ../clib/printf.c                         0x00000000   Number         0  noretval__2printf.o ABSOLUTE
    ../clib/printf.c                         0x00000000   Number         0  _printf_str.o ABSOLUTE
    ../clib/printf.c                         0x00000000   Number         0  __2printf.o ABSOLUTE
    ../clib/printf.c                         0x00000000   Number         0  __printf_flags_wp.o ABSOLUTE
    ../clib/printf.c                         0x00000000   Number         0  __2sprintf.o ABSOLUTE
    ../clib/printf.c                         0x00000000   Number         0  __printf_ss.o ABSOLUTE
    ../clib/printf.c                         0x00000000   Number         0  _printf_intcommon.o ABSOLUTE
    ../clib/printf.c                         0x00000000   Number         0  _sputc.o ABSOLUTE
    ../clib/printf.c                         0x00000000   Number         0  _printf_char.o ABSOLUTE
    ../clib/printf.c                         0x00000000   Number         0  _printf_char_file.o ABSOLUTE
    ../clib/printf.c                         0x00000000   Number         0  __printf_nopercent.o ABSOLUTE
    ../clib/printf.c                         0x00000000   Number         0  _printf_char_common.o ABSOLUTE
    ../clib/printf.c                         0x00000000   Number         0  __printf_flags.o ABSOLUTE
    ../clib/printf.c                         0x00000000   Number         0  __printf_flags_ss.o ABSOLUTE
    ../clib/printf.c                         0x00000000   Number         0  _printf_dec.o ABSOLUTE
    ../clib/printf.c                         0x00000000   Number         0  __printf_wp.o ABSOLUTE
    ../clib/printf.c                         0x00000000   Number         0  __printf.o ABSOLUTE
    ../clib/printf_percent.s                 0x00000000   Number         0  _printf_s.o ABSOLUTE
    ../clib/printf_percent.s                 0x00000000   Number         0  _printf_d.o ABSOLUTE
    ../clib/printf_percent.s                 0x00000000   Number         0  _printf_u.o ABSOLUTE
    ../clib/printf_percent.s                 0x00000000   Number         0  _printf_percent.o ABSOLUTE
    ../clib/printf_percent.s                 0x00000000   Number         0  _printf_c.o ABSOLUTE
    ../clib/printf_percent.s                 0x00000000   Number         0  _printf_percent_end.o ABSOLUTE
    ../clib/signal.c                         0x00000000   Number         0  defsig_rtmem_formal.o ABSOLUTE
    ../clib/signal.c                         0x00000000   Number         0  defsig_stak_inner.o ABSOLUTE
    ../clib/signal.c                         0x00000000   Number         0  defsig_pvfn_inner.o ABSOLUTE
    ../clib/signal.c                         0x00000000   Number         0  defsig_cppl_inner.o ABSOLUTE
    ../clib/signal.c                         0x00000000   Number         0  defsig_segv_inner.o ABSOLUTE
    ../clib/signal.c                         0x00000000   Number         0  defsig_other.o ABSOLUTE
    ../clib/signal.c                         0x00000000   Number         0  defsig_exit.o ABSOLUTE
    ../clib/signal.c                         0x00000000   Number         0  defsig_rtmem_inner.o ABSOLUTE
    ../clib/signal.c                         0x00000000   Number         0  defsig_rtmem_outer.o ABSOLUTE
    ../clib/signal.c                         0x00000000   Number         0  __raise.o ABSOLUTE
    ../clib/signal.c                         0x00000000   Number         0  defsig_general.o ABSOLUTE
    ../clib/signal.c                         0x00000000   Number         0  defsig_abrt_inner.o ABSOLUTE
    ../clib/signal.c                         0x00000000   Number         0  defsig_fpe_inner.o ABSOLUTE
    ../clib/signal.c                         0x00000000   Number         0  defsig_rtred_inner.o ABSOLUTE
    ../clib/signal.s                         0x00000000   Number         0  defsig.o ABSOLUTE
    ../clib/stdio.c                          0x00000000   Number         0  ferror_locked.o ABSOLUTE
    ../clib/stdio.c                          0x00000000   Number         0  ferror.o ABSOLUTE
    ../clib/stdlib.c                         0x00000000   Number         0  exit.o ABSOLUTE
    ../clib/string.c                         0x00000000   Number         0  strcpy.o ABSOLUTE
    ../clib/string.c                         0x00000000   Number         0  strlen.o ABSOLUTE
    ../fplib/fpinit.s                        0x00000000   Number         0  fpinit.o ABSOLUTE
    ..\CORE\core_cm3.c                       0x00000000   Number         0  core_cm3.o ABSOLUTE
    ..\CORE\startup_stm32f10x_hd.s           0x00000000   Number         0  startup_stm32f10x_hd.o ABSOLUTE
    ..\FreeRTOS\croutine.c                   0x00000000   Number         0  croutine.o ABSOLUTE
    ..\FreeRTOS\event_groups.c               0x00000000   Number         0  event_groups.o ABSOLUTE
    ..\FreeRTOS\list.c                       0x00000000   Number         0  list.o ABSOLUTE
    ..\FreeRTOS\portable\MemMang\heap_4.c    0x00000000   Number         0  heap_4.o ABSOLUTE
    ..\FreeRTOS\portable\RVDS\ARM_CM3\port.c 0x00000000   Number         0  port.o ABSOLUTE
    ..\FreeRTOS\queue.c                      0x00000000   Number         0  queue.o ABSOLUTE
    ..\FreeRTOS\tasks.c                      0x00000000   Number         0  tasks.o ABSOLUTE
    ..\FreeRTOS\timers.c                     0x00000000   Number         0  timers.o ABSOLUTE
    ..\HARDWARE\LED\led.c                    0x00000000   Number         0  led.o ABSOLUTE
    ..\STM32F10x_FWLib\src\misc.c            0x00000000   Number         0  misc.o ABSOLUTE
    ..\STM32F10x_FWLib\src\stm32f10x_gpio.c  0x00000000   Number         0  stm32f10x_gpio.o ABSOLUTE
    ..\STM32F10x_FWLib\src\stm32f10x_rcc.c   0x00000000   Number         0  stm32f10x_rcc.o ABSOLUTE
    ..\STM32F10x_FWLib\src\stm32f10x_usart.c 0x00000000   Number         0  stm32f10x_usart.o ABSOLUTE
    ..\SYSTEM\delay\delay.c                  0x00000000   Number         0  delay.o ABSOLUTE
    ..\SYSTEM\sys\sys.c                      0x00000000   Number         0  sys.o ABSOLUTE
    ..\SYSTEM\usart\usart.c                  0x00000000   Number         0  usart.o ABSOLUTE
    ..\\CORE\\core_cm3.c                     0x00000000   Number         0  core_cm3.o ABSOLUTE
    ..\\FreeRTOS\\portable\\RVDS\\ARM_CM3\\port.c 0x00000000   Number         0  port.o ABSOLUTE
    ..\\SYSTEM\\sys\\sys.c                   0x00000000   Number         0  sys.o ABSOLUTE
    dc.s                                     0x00000000   Number         0  dc.o ABSOLUTE
    main.c                                   0x00000000   Number         0  main.o ABSOLUTE
    stm32f10x_it.c                           0x00000000   Number         0  stm32f10x_it.o ABSOLUTE
    system_stm32f10x.c                       0x00000000   Number         0  system_stm32f10x.o ABSOLUTE
    RESET                                    0x08000000   Section      304  startup_stm32f10x_hd.o(RESET)
    !!!main                                  0x08000130   Section        8  __main.o(!!!main)
    !!!scatter                               0x08000138   Section       52  __scatter.o(!!!scatter)
    !!handler_copy                           0x0800016c   Section       26  __scatter_copy.o(!!handler_copy)
    !!handler_zi                             0x08000188   Section       28  __scatter_zi.o(!!handler_zi)
    .ARM.Collect$$_printf_percent$$00000000  0x080001a4   Section        0  _printf_percent.o(.ARM.Collect$$_printf_percent$$00000000)
    .ARM.Collect$$_printf_percent$$00000009  0x080001a4   Section        6  _printf_d.o(.ARM.Collect$$_printf_percent$$00000009)
    .ARM.Collect$$_printf_percent$$0000000A  0x080001aa   Section        6  _printf_u.o(.ARM.Collect$$_printf_percent$$0000000A)
    .ARM.Collect$$_printf_percent$$00000013  0x080001b0   Section        6  _printf_c.o(.ARM.Collect$$_printf_percent$$00000013)
    .ARM.Collect$$_printf_percent$$00000014  0x080001b6   Section        6  _printf_s.o(.ARM.Collect$$_printf_percent$$00000014)
    .ARM.Collect$$_printf_percent$$00000017  0x080001bc   Section        4  _printf_percent_end.o(.ARM.Collect$$_printf_percent$$00000017)
    .ARM.Collect$$libinit$$00000000          0x080001c0   Section        2  libinit.o(.ARM.Collect$$libinit$$00000000)
    .ARM.Collect$$libinit$$00000002          0x080001c2   Section        0  libinit2.o(.ARM.Collect$$libinit$$00000002)
    .ARM.Collect$$libinit$$00000004          0x080001c2   Section        0  libinit2.o(.ARM.Collect$$libinit$$00000004)
    .ARM.Collect$$libinit$$0000000A          0x080001c2   Section        0  libinit2.o(.ARM.Collect$$libinit$$0000000A)
    .ARM.Collect$$libinit$$0000000C          0x080001c2   Section        0  libinit2.o(.ARM.Collect$$libinit$$0000000C)
    .ARM.Collect$$libinit$$0000000E          0x080001c2   Section        0  libinit2.o(.ARM.Collect$$libinit$$0000000E)
    .ARM.Collect$$libinit$$00000011          0x080001c2   Section        0  libinit2.o(.ARM.Collect$$libinit$$00000011)
    .ARM.Collect$$libinit$$00000013          0x080001c2   Section        0  libinit2.o(.ARM.Collect$$libinit$$00000013)
    .ARM.Collect$$libinit$$00000015          0x080001c2   Section        0  libinit2.o(.ARM.Collect$$libinit$$00000015)
    .ARM.Collect$$libinit$$00000017          0x080001c2   Section        0  libinit2.o(.ARM.Collect$$libinit$$00000017)
    .ARM.Collect$$libinit$$00000019          0x080001c2   Section        0  libinit2.o(.ARM.Collect$$libinit$$00000019)
    .ARM.Collect$$libinit$$0000001B          0x080001c2   Section        0  libinit2.o(.ARM.Collect$$libinit$$0000001B)
    .ARM.Collect$$libinit$$0000001D          0x080001c2   Section        0  libinit2.o(.ARM.Collect$$libinit$$0000001D)
    .ARM.Collect$$libinit$$0000001F          0x080001c2   Section        0  libinit2.o(.ARM.Collect$$libinit$$0000001F)
    .ARM.Collect$$libinit$$00000021          0x080001c2   Section        0  libinit2.o(.ARM.Collect$$libinit$$00000021)
    .ARM.Collect$$libinit$$00000023          0x080001c2   Section        0  libinit2.o(.ARM.Collect$$libinit$$00000023)
    .ARM.Collect$$libinit$$00000025          0x080001c2   Section        0  libinit2.o(.ARM.Collect$$libinit$$00000025)
    .ARM.Collect$$libinit$$0000002C          0x080001c2   Section        0  libinit2.o(.ARM.Collect$$libinit$$0000002C)
    .ARM.Collect$$libinit$$0000002E          0x080001c2   Section        0  libinit2.o(.ARM.Collect$$libinit$$0000002E)
    .ARM.Collect$$libinit$$00000030          0x080001c2   Section        0  libinit2.o(.ARM.Collect$$libinit$$00000030)
    .ARM.Collect$$libinit$$00000032          0x080001c2   Section        0  libinit2.o(.ARM.Collect$$libinit$$00000032)
    .ARM.Collect$$libinit$$00000033          0x080001c2   Section        2  libinit2.o(.ARM.Collect$$libinit$$00000033)
    .ARM.Collect$$libshutdown$$00000000      0x080001c4   Section        2  libshutdown.o(.ARM.Collect$$libshutdown$$00000000)
    .ARM.Collect$$libshutdown$$00000002      0x080001c6   Section        0  libshutdown2.o(.ARM.Collect$$libshutdown$$00000002)
    .ARM.Collect$$libshutdown$$00000004      0x080001c6   Section        0  libshutdown2.o(.ARM.Collect$$libshutdown$$00000004)
    .ARM.Collect$$libshutdown$$00000007      0x080001c6   Section        0  libshutdown2.o(.ARM.Collect$$libshutdown$$00000007)
    .ARM.Collect$$libshutdown$$0000000A      0x080001c6   Section        0  libshutdown2.o(.ARM.Collect$$libshutdown$$0000000A)
    .ARM.Collect$$libshutdown$$0000000C      0x080001c6   Section        0  libshutdown2.o(.ARM.Collect$$libshutdown$$0000000C)
    .ARM.Collect$$libshutdown$$0000000F      0x080001c6   Section        0  libshutdown2.o(.ARM.Collect$$libshutdown$$0000000F)
    .ARM.Collect$$libshutdown$$00000010      0x080001c6   Section        2  libshutdown2.o(.ARM.Collect$$libshutdown$$00000010)
    .ARM.Collect$$rtentry$$00000000          0x080001c8   Section        0  __rtentry.o(.ARM.Collect$$rtentry$$00000000)
    .ARM.Collect$$rtentry$$00000002          0x080001c8   Section        0  __rtentry2.o(.ARM.Collect$$rtentry$$00000002)
    .ARM.Collect$$rtentry$$00000004          0x080001c8   Section        6  __rtentry4.o(.ARM.Collect$$rtentry$$00000004)
    .ARM.Collect$$rtentry$$00000009          0x080001ce   Section        0  __rtentry2.o(.ARM.Collect$$rtentry$$00000009)
    .ARM.Collect$$rtentry$$0000000A          0x080001ce   Section        4  __rtentry2.o(.ARM.Collect$$rtentry$$0000000A)
    .ARM.Collect$$rtentry$$0000000C          0x080001d2   Section        0  __rtentry2.o(.ARM.Collect$$rtentry$$0000000C)
    .ARM.Collect$$rtentry$$0000000D          0x080001d2   Section        8  __rtentry2.o(.ARM.Collect$$rtentry$$0000000D)
    .ARM.Collect$$rtexit$$00000000           0x080001da   Section        2  rtexit.o(.ARM.Collect$$rtexit$$00000000)
    .ARM.Collect$$rtexit$$00000002           0x080001dc   Section        0  rtexit2.o(.ARM.Collect$$rtexit$$00000002)
    .ARM.Collect$$rtexit$$00000003           0x080001dc   Section        4  rtexit2.o(.ARM.Collect$$rtexit$$00000003)
    .ARM.Collect$$rtexit$$00000004           0x080001e0   Section        6  rtexit2.o(.ARM.Collect$$rtexit$$00000004)
    .emb_text                                0x080001e8   Section      150  port.o(.emb_text)
    .text                                    0x08000280   Section        0  main.o(.text)
    .text                                    0x08000368   Section        0  stm32f10x_it.o(.text)
    .text                                    0x08000374   Section        0  system_stm32f10x.o(.text)
    SetSysClockTo72                          0x08000375   Thumb Code   160  system_stm32f10x.o(.text)
    .text                                    0x080004cc   Section        0  led.o(.text)
    .text                                    0x0800051c   Section        0  delay.o(.text)
    .text                                    0x080005f4   Section        0  usart.o(.text)
    .text                                    0x08000708   Section       64  startup_stm32f10x_hd.o(.text)
    .text                                    0x08000748   Section        0  misc.o(.text)
    .text                                    0x080007f8   Section        0  stm32f10x_gpio.o(.text)
    .text                                    0x08000a5c   Section        0  stm32f10x_rcc.o(.text)
    .text                                    0x08000d14   Section        0  stm32f10x_usart.o(.text)
    .text                                    0x0800103c   Section        0  list.o(.text)
    .text                                    0x080010c4   Section        0  queue.o(.text)
    prvCopyDataToQueue                       0x08001197   Thumb Code   106  queue.o(.text)
    prvNotifyQueueSetContainer               0x08001201   Thumb Code   108  queue.o(.text)
    prvUnlockQueue                           0x0800126d   Thumb Code   120  queue.o(.text)
    prvCopyDataFromQueue                     0x080014c9   Thumb Code    38  queue.o(.text)
    prvIsQueueEmpty                          0x08001b4d   Thumb Code    26  queue.o(.text)
    .text                                    0x08001b70   Section        0  tasks.o(.text)
    prvAddNewTaskToReadyList                 0x08001b71   Thumb Code   192  tasks.o(.text)
    prvAddCurrentTaskToDelayedList           0x08001e91   Thumb Code   102  tasks.o(.text)
    prvTaskIsTaskSuspended                   0x0800223d   Thumb Code    48  tasks.o(.text)
    prvIdleTask                              0x0800235f   Thumb Code    30  tasks.o(.text)
    prvListTasksWithinSingleList             0x080024d3   Thumb Code    84  tasks.o(.text)
    prvInitialiseNewTask                     0x08002d7b   Thumb Code   152  tasks.o(.text)
    prvResetNextTaskUnblockTime              0x08002e13   Thumb Code    26  tasks.o(.text)
    prvDeleteTCB                             0x08002e2d   Thumb Code    20  tasks.o(.text)
    prvCheckTasksWaitingTermination          0x08002e41   Thumb Code    76  tasks.o(.text)
    .text                                    0x08002ebc   Section        0  timers.o(.text)
    prvInsertTimerInActiveList               0x08002ebd   Thumb Code    52  timers.o(.text)
    prvProcessReceivedCommands               0x08002f53   Thumb Code   196  timers.o(.text)
    prvTimerTask                             0x08003017   Thumb Code    34  timers.o(.text)
    prvCheckForValidListAndQueue             0x08003039   Thumb Code    62  timers.o(.text)
    prvSampleTimeNow                         0x0800321b   Thumb Code    36  timers.o(.text)
    prvProcessTimerOrBlockTask               0x0800323f   Thumb Code   210  timers.o(.text)
    prvSwitchTimerLists                      0x08003311   Thumb Code   102  timers.o(.text)
    prvProcessExpiredTimer                   0x08003377   Thumb Code    88  timers.o(.text)
    .text                                    0x080033d4   Section        0  port.o(.text)
    prvTaskExitError                         0x080033d5   Thumb Code    34  port.o(.text)
    .text                                    0x080035cc   Section        0  heap_4.o(.text)
    prvInsertBlockIntoFreeList               0x080035cd   Thumb Code    72  heap_4.o(.text)
    prvHeapInit                              0x0800375d   Thumb Code    66  heap_4.o(.text)
    .text                                    0x080037e0   Section        2  use_no_semi_2.o(.text)
    .text                                    0x080037e4   Section        0  noretval__2printf.o(.text)
    .text                                    0x080037fc   Section        0  noretval__2sprintf.o(.text)
    .text                                    0x08003824   Section        0  __printf.o(.text)
    .text                                    0x0800388c   Section        0  _printf_str.o(.text)
    .text                                    0x080038e0   Section        0  _printf_dec.o(.text)
    .text                                    0x08003958   Section        0  strcpy.o(.text)
    .text                                    0x080039a0   Section        0  strlen.o(.text)
    .text                                    0x080039de   Section      138  rt_memcpy_v6.o(.text)
    .text                                    0x08003a68   Section       16  aeabi_memset.o(.text)
    .text                                    0x08003a78   Section        0  heapauxi.o(.text)
    .text                                    0x08003a7e   Section        2  use_no_semi.o(.text)
    .text                                    0x08003a80   Section        0  _printf_intcommon.o(.text)
    .text                                    0x08003b34   Section        0  _printf_char_common.o(.text)
    _printf_input_char                       0x08003b35   Thumb Code    10  _printf_char_common.o(.text)
    .text                                    0x08003b64   Section        0  _sputc.o(.text)
    .text                                    0x08003b6e   Section        0  _printf_char.o(.text)
    .text                                    0x08003b9c   Section        0  _printf_char_file.o(.text)
    .text                                    0x08003bc0   Section      100  rt_memcpy_w.o(.text)
    .text                                    0x08003c24   Section       68  rt_memclr.o(.text)
    .text                                    0x08003c68   Section        0  ferror.o(.text)
    .text                                    0x08003c70   Section       78  rt_memclr_w.o(.text)
    .text                                    0x08003cbe   Section       74  sys_stackheap_outer.o(.text)
    .text                                    0x08003d08   Section        0  exit.o(.text)
    .text                                    0x08003d1c   Section        8  libspace.o(.text)
    .data                                    0x20000000   Section       12  main.o(.data)
    .data                                    0x2000000c   Section       20  system_stm32f10x.o(.data)
    .data                                    0x20000020   Section        4  delay.o(.data)
    fac_us                                   0x20000020   Data           1  delay.o(.data)
    fac_ms                                   0x20000022   Data           2  delay.o(.data)
    .data                                    0x20000024   Section        2  usart.o(.data)
    .data                                    0x20000028   Section        4  usart.o(.data)
    .data                                    0x2000002c   Section       20  stm32f10x_rcc.o(.data)
    ADCPrescTable                            0x2000002c   Data           4  stm32f10x_rcc.o(.data)
    APBAHBPrescTable                         0x20000030   Data          16  stm32f10x_rcc.o(.data)
    .data                                    0x20000040   Section       60  tasks.o(.data)
    uxDeletedTasksWaitingCleanUp             0x20000044   Data           4  tasks.o(.data)
    uxCurrentNumberOfTasks                   0x20000048   Data           4  tasks.o(.data)
    xTickCount                               0x2000004c   Data           4  tasks.o(.data)
    uxTopReadyPriority                       0x20000050   Data           4  tasks.o(.data)
    xSchedulerRunning                        0x20000054   Data           4  tasks.o(.data)
    uxPendedTicks                            0x20000058   Data           4  tasks.o(.data)
    xYieldPending                            0x2000005c   Data           4  tasks.o(.data)
    xNumOfOverflows                          0x20000060   Data           4  tasks.o(.data)
    uxTaskNumber                             0x20000064   Data           4  tasks.o(.data)
    xNextTaskUnblockTime                     0x20000068   Data           4  tasks.o(.data)
    xIdleTaskHandle                          0x2000006c   Data           4  tasks.o(.data)
    uxSchedulerSuspended                     0x20000070   Data           4  tasks.o(.data)
    pxDelayedTaskList                        0x20000074   Data           4  tasks.o(.data)
    pxOverflowDelayedTaskList                0x20000078   Data           4  tasks.o(.data)
    .data                                    0x2000007c   Section       20  timers.o(.data)
    xTimerQueue                              0x2000007c   Data           4  timers.o(.data)
    xTimerTaskHandle                         0x20000080   Data           4  timers.o(.data)
    xLastTime                                0x20000084   Data           4  timers.o(.data)
    pxCurrentTimerList                       0x20000088   Data           4  timers.o(.data)
    pxOverflowTimerList                      0x2000008c   Data           4  timers.o(.data)
    .data                                    0x20000090   Section       12  port.o(.data)
    ucMaxSysCallPriority                     0x20000090   Data           1  port.o(.data)
    uxCriticalNesting                        0x20000094   Data           4  port.o(.data)
    ulMaxPRIGROUPValue                       0x20000098   Data           4  port.o(.data)
    .data                                    0x2000009c   Section       24  heap_4.o(.data)
    pxEnd                                    0x2000009c   Data           4  heap_4.o(.data)
    xFreeBytesRemaining                      0x200000a0   Data           4  heap_4.o(.data)
    xMinimumEverFreeBytesRemaining           0x200000a4   Data           4  heap_4.o(.data)
    xBlockAllocatedBit                       0x200000a8   Data           4  heap_4.o(.data)
    xStart                                   0x200000ac   Data           8  heap_4.o(.data)
    .bss                                     0x200000b4   Section      200  usart.o(.bss)
    .bss                                     0x2000017c   Section       64  queue.o(.bss)
    .bss                                     0x200001bc   Section      740  tasks.o(.bss)
    pxReadyTasksLists                        0x200001bc   Data         640  tasks.o(.bss)
    xDelayedTaskList1                        0x2000043c   Data          20  tasks.o(.bss)
    xDelayedTaskList2                        0x20000450   Data          20  tasks.o(.bss)
    xPendingReadyList                        0x20000464   Data          20  tasks.o(.bss)
    xTasksWaitingTermination                 0x20000478   Data          20  tasks.o(.bss)
    xSuspendedTaskList                       0x2000048c   Data          20  tasks.o(.bss)
    .bss                                     0x200004a0   Section       40  timers.o(.bss)
    xActiveTimerList1                        0x200004a0   Data          20  timers.o(.bss)
    xActiveTimerList2                        0x200004b4   Data          20  timers.o(.bss)
    .bss                                     0x200004c8   Section    20480  heap_4.o(.bss)
    ucHeap                                   0x200004c8   Data       20480  heap_4.o(.bss)
    .bss                                     0x200054c8   Section       96  libspace.o(.bss)
    HEAP                                     0x20005528   Section      512  startup_stm32f10x_hd.o(HEAP)
    Heap_Mem                                 0x20005528   Data         512  startup_stm32f10x_hd.o(HEAP)
    STACK                                    0x20005728   Section     1024  startup_stm32f10x_hd.o(STACK)
    Stack_Mem                                0x20005728   Data        1024  startup_stm32f10x_hd.o(STACK)
    __initial_sp                             0x20005b28   Data           0  startup_stm32f10x_hd.o(STACK)

    Global Symbols

    Symbol Name                              Value     Ov Type        Size  Object(Section)

    BuildAttributes$$THM_ISAv4$P$D$K$B$S$PE$A:L22UL41UL21$X:L11$S22US41US21$IEEE1$IW$USESV6$~STKCKD$USESV7$~SHL$OSPACE$ROPI$EBA8$UX$STANDARDLIB$REQ8$PRES8$EABIv2 0x00000000   Number         0  anon$$obj.o ABSOLUTE
    __ARM_use_no_argv                        0x00000000   Number         0  main.o ABSOLUTE
    __ARM_exceptions_init                     - Undefined Weak Reference
    __alloca_initialize                       - Undefined Weak Reference
    __arm_preinit_                            - Undefined Weak Reference
    __cpp_initialize__aeabi_                  - Undefined Weak Reference
    __cxa_finalize                            - Undefined Weak Reference
    __rt_locale                               - Undefined Weak Reference
    __sigvec_lookup                           - Undefined Weak Reference
    _atexit_init                              - Undefined Weak Reference
    _call_atexit_fns                          - Undefined Weak Reference
    _clock_init                               - Undefined Weak Reference
    _fp_trap_init                             - Undefined Weak Reference
    _fp_trap_shutdown                         - Undefined Weak Reference
    _get_lc_collate                           - Undefined Weak Reference
    _get_lc_ctype                             - Undefined Weak Reference
    _get_lc_monetary                          - Undefined Weak Reference
    _get_lc_numeric                           - Undefined Weak Reference
    _get_lc_time                              - Undefined Weak Reference
    _getenv_init                              - Undefined Weak Reference
    _handle_redirection                       - Undefined Weak Reference
    _init_alloc                               - Undefined Weak Reference
    _init_user_alloc                          - Undefined Weak Reference
    _initio                                   - Undefined Weak Reference
    _mutex_acquire                            - Undefined Weak Reference
    _mutex_release                            - Undefined Weak Reference
    _printf_mbtowc                            - Undefined Weak Reference
    _printf_post_padding                      - Undefined Weak Reference
    _printf_pre_padding                       - Undefined Weak Reference
    _printf_truncate_signed                   - Undefined Weak Reference
    _printf_truncate_unsigned                 - Undefined Weak Reference
    _rand_init                                - Undefined Weak Reference
    _signal_finish                            - Undefined Weak Reference
    _signal_init                              - Undefined Weak Reference
    _terminate_alloc                          - Undefined Weak Reference
    _terminate_user_alloc                     - Undefined Weak Reference
    _terminateio                              - Undefined Weak Reference
    __Vectors_Size                           0x00000130   Number         0  startup_stm32f10x_hd.o ABSOLUTE
    __Vectors                                0x08000000   Data           4  startup_stm32f10x_hd.o(RESET)
    __Vectors_End                            0x08000130   Data           0  startup_stm32f10x_hd.o(RESET)
    __main                                   0x08000131   Thumb Code     8  __main.o(!!!main)
    __scatterload                            0x08000139   Thumb Code     0  __scatter.o(!!!scatter)
    __scatterload_rt2                        0x08000139   Thumb Code    44  __scatter.o(!!!scatter)
    __scatterload_rt2_thumb_only             0x08000139   Thumb Code     0  __scatter.o(!!!scatter)
    __scatterload_null                       0x08000147   Thumb Code     0  __scatter.o(!!!scatter)
    __scatterload_copy                       0x0800016d   Thumb Code    26  __scatter_copy.o(!!handler_copy)
    __scatterload_zeroinit                   0x08000189   Thumb Code    28  __scatter_zi.o(!!handler_zi)
    _printf_d                                0x080001a5   Thumb Code     0  _printf_d.o(.ARM.Collect$$_printf_percent$$00000009)
    _printf_percent                          0x080001a5   Thumb Code     0  _printf_percent.o(.ARM.Collect$$_printf_percent$$00000000)
    _printf_u                                0x080001ab   Thumb Code     0  _printf_u.o(.ARM.Collect$$_printf_percent$$0000000A)
    _printf_c                                0x080001b1   Thumb Code     0  _printf_c.o(.ARM.Collect$$_printf_percent$$00000013)
    _printf_s                                0x080001b7   Thumb Code     0  _printf_s.o(.ARM.Collect$$_printf_percent$$00000014)
    _printf_percent_end                      0x080001bd   Thumb Code     0  _printf_percent_end.o(.ARM.Collect$$_printf_percent$$00000017)
    __rt_lib_init                            0x080001c1   Thumb Code     0  libinit.o(.ARM.Collect$$libinit$$00000000)
    __rt_lib_init_alloca_1                   0x080001c3   Thumb Code     0  libinit2.o(.ARM.Collect$$libinit$$0000002E)
    __rt_lib_init_argv_1                     0x080001c3   Thumb Code     0  libinit2.o(.ARM.Collect$$libinit$$0000002C)
    __rt_lib_init_atexit_1                   0x080001c3   Thumb Code     0  libinit2.o(.ARM.Collect$$libinit$$0000001B)
    __rt_lib_init_clock_1                    0x080001c3   Thumb Code     0  libinit2.o(.ARM.Collect$$libinit$$00000021)
    __rt_lib_init_cpp_1                      0x080001c3   Thumb Code     0  libinit2.o(.ARM.Collect$$libinit$$00000032)
    __rt_lib_init_exceptions_1               0x080001c3   Thumb Code     0  libinit2.o(.ARM.Collect$$libinit$$00000030)
    __rt_lib_init_fp_1                       0x080001c3   Thumb Code     0  libinit2.o(.ARM.Collect$$libinit$$00000002)
    __rt_lib_init_fp_trap_1                  0x080001c3   Thumb Code     0  libinit2.o(.ARM.Collect$$libinit$$0000001F)
    __rt_lib_init_getenv_1                   0x080001c3   Thumb Code     0  libinit2.o(.ARM.Collect$$libinit$$00000023)
    __rt_lib_init_heap_1                     0x080001c3   Thumb Code     0  libinit2.o(.ARM.Collect$$libinit$$0000000A)
    __rt_lib_init_lc_collate_1               0x080001c3   Thumb Code     0  libinit2.o(.ARM.Collect$$libinit$$00000011)
    __rt_lib_init_lc_ctype_1                 0x080001c3   Thumb Code     0  libinit2.o(.ARM.Collect$$libinit$$00000013)
    __rt_lib_init_lc_monetary_1              0x080001c3   Thumb Code     0  libinit2.o(.ARM.Collect$$libinit$$00000015)
    __rt_lib_init_lc_numeric_1               0x080001c3   Thumb Code     0  libinit2.o(.ARM.Collect$$libinit$$00000017)
    __rt_lib_init_lc_time_1                  0x080001c3   Thumb Code     0  libinit2.o(.ARM.Collect$$libinit$$00000019)
    __rt_lib_init_preinit_1                  0x080001c3   Thumb Code     0  libinit2.o(.ARM.Collect$$libinit$$00000004)
    __rt_lib_init_rand_1                     0x080001c3   Thumb Code     0  libinit2.o(.ARM.Collect$$libinit$$0000000E)
    __rt_lib_init_return                     0x080001c3   Thumb Code     0  libinit2.o(.ARM.Collect$$libinit$$00000033)
    __rt_lib_init_signal_1                   0x080001c3   Thumb Code     0  libinit2.o(.ARM.Collect$$libinit$$0000001D)
    __rt_lib_init_stdio_1                    0x080001c3   Thumb Code     0  libinit2.o(.ARM.Collect$$libinit$$00000025)
    __rt_lib_init_user_alloc_1               0x080001c3   Thumb Code     0  libinit2.o(.ARM.Collect$$libinit$$0000000C)
    __rt_lib_shutdown                        0x080001c5   Thumb Code     0  libshutdown.o(.ARM.Collect$$libshutdown$$00000000)
    __rt_lib_shutdown_cpp_1                  0x080001c7   Thumb Code     0  libshutdown2.o(.ARM.Collect$$libshutdown$$00000002)
    __rt_lib_shutdown_fp_trap_1              0x080001c7   Thumb Code     0  libshutdown2.o(.ARM.Collect$$libshutdown$$00000007)
    __rt_lib_shutdown_heap_1                 0x080001c7   Thumb Code     0  libshutdown2.o(.ARM.Collect$$libshutdown$$0000000F)
    __rt_lib_shutdown_return                 0x080001c7   Thumb Code     0  libshutdown2.o(.ARM.Collect$$libshutdown$$00000010)
    __rt_lib_shutdown_signal_1               0x080001c7   Thumb Code     0  libshutdown2.o(.ARM.Collect$$libshutdown$$0000000A)
    __rt_lib_shutdown_stdio_1                0x080001c7   Thumb Code     0  libshutdown2.o(.ARM.Collect$$libshutdown$$00000004)
    __rt_lib_shutdown_user_alloc_1           0x080001c7   Thumb Code     0  libshutdown2.o(.ARM.Collect$$libshutdown$$0000000C)
    __rt_entry                               0x080001c9   Thumb Code     0  __rtentry.o(.ARM.Collect$$rtentry$$00000000)
    __rt_entry_presh_1                       0x080001c9   Thumb Code     0  __rtentry2.o(.ARM.Collect$$rtentry$$00000002)
    __rt_entry_sh                            0x080001c9   Thumb Code     0  __rtentry4.o(.ARM.Collect$$rtentry$$00000004)
    __rt_entry_li                            0x080001cf   Thumb Code     0  __rtentry2.o(.ARM.Collect$$rtentry$$0000000A)
    __rt_entry_postsh_1                      0x080001cf   Thumb Code     0  __rtentry2.o(.ARM.Collect$$rtentry$$00000009)
    __rt_entry_main                          0x080001d3   Thumb Code     0  __rtentry2.o(.ARM.Collect$$rtentry$$0000000D)
    __rt_entry_postli_1                      0x080001d3   Thumb Code     0  __rtentry2.o(.ARM.Collect$$rtentry$$0000000C)
    __rt_exit                                0x080001db   Thumb Code     0  rtexit.o(.ARM.Collect$$rtexit$$00000000)
    __rt_exit_ls                             0x080001dd   Thumb Code     0  rtexit2.o(.ARM.Collect$$rtexit$$00000003)
    __rt_exit_prels_1                        0x080001dd   Thumb Code     0  rtexit2.o(.ARM.Collect$$rtexit$$00000002)
    __rt_exit_exit                           0x080001e1   Thumb Code     0  rtexit2.o(.ARM.Collect$$rtexit$$00000004)
    SVC_Handler                              0x080001e9   Thumb Code    32  port.o(.emb_text)
    __asm___6_port_c_39a90d8d__prvStartFirstTask 0x0800020d   Thumb Code    28  port.o(.emb_text)
    PendSV_Handler                           0x0800022d   Thumb Code    72  port.o(.emb_text)
    vPortGetIPSR                             0x08000279   Thumb Code     6  port.o(.emb_text)
    led1_task                                0x08000281   Thumb Code    32  main.o(.text)
    led0_task                                0x080002a1   Thumb Code    24  main.o(.text)
    start_task                               0x080002b9   Thumb Code    70  main.o(.text)
    main                                     0x080002ff   Thumb Code    58  main.o(.text)
    NMI_Handler                              0x08000369   Thumb Code     2  stm32f10x_it.o(.text)
    HardFault_Handler                        0x0800036b   Thumb Code     2  stm32f10x_it.o(.text)
    MemManage_Handler                        0x0800036d   Thumb Code     2  stm32f10x_it.o(.text)
    BusFault_Handler                         0x0800036f   Thumb Code     2  stm32f10x_it.o(.text)
    UsageFault_Handler                       0x08000371   Thumb Code     2  stm32f10x_it.o(.text)
    DebugMon_Handler                         0x08000373   Thumb Code     2  stm32f10x_it.o(.text)
    SystemInit                               0x08000415   Thumb Code    64  system_stm32f10x.o(.text)
    SystemCoreClockUpdate                    0x08000455   Thumb Code    86  system_stm32f10x.o(.text)
    LED_Init                                 0x080004cd   Thumb Code    70  led.o(.text)
    SysTick_Handler                          0x0800051d   Thumb Code    20  delay.o(.text)
    delay_init                               0x08000531   Thumb Code    60  delay.o(.text)
    delay_us                                 0x0800056d   Thumb Code    48  delay.o(.text)
    delay_ms                                 0x0800059d   Thumb Code    50  delay.o(.text)
    delay_xms                                0x080005cf   Thumb Code    26  delay.o(.text)
    _sys_exit                                0x080005f5   Thumb Code     2  usart.o(.text)
    fputc                                    0x080005f7   Thumb Code    18  usart.o(.text)
    uart_init                                0x08000609   Thumb Code   152  usart.o(.text)
    USART1_IRQHandler                        0x080006a1   Thumb Code    88  usart.o(.text)
    Reset_Handler                            0x08000709   Thumb Code     8  startup_stm32f10x_hd.o(.text)
    ADC1_2_IRQHandler                        0x08000723   Thumb Code     0  startup_stm32f10x_hd.o(.text)
    ADC3_IRQHandler                          0x08000723   Thumb Code     0  startup_stm32f10x_hd.o(.text)
    CAN1_RX1_IRQHandler                      0x08000723   Thumb Code     0  startup_stm32f10x_hd.o(.text)
    CAN1_SCE_IRQHandler                      0x08000723   Thumb Code     0  startup_stm32f10x_hd.o(.text)
    DMA1_Channel1_IRQHandler                 0x08000723   Thumb Code     0  startup_stm32f10x_hd.o(.text)
    DMA1_Channel2_IRQHandler                 0x08000723   Thumb Code     0  startup_stm32f10x_hd.o(.text)
    DMA1_Channel3_IRQHandler                 0x08000723   Thumb Code     0  startup_stm32f10x_hd.o(.text)
    DMA1_Channel4_IRQHandler                 0x08000723   Thumb Code     0  startup_stm32f10x_hd.o(.text)
    DMA1_Channel5_IRQHandler                 0x08000723   Thumb Code     0  startup_stm32f10x_hd.o(.text)
    DMA1_Channel6_IRQHandler                 0x08000723   Thumb Code     0  startup_stm32f10x_hd.o(.text)
    DMA1_Channel7_IRQHandler                 0x08000723   Thumb Code     0  startup_stm32f10x_hd.o(.text)
    DMA2_Channel1_IRQHandler                 0x08000723   Thumb Code     0  startup_stm32f10x_hd.o(.text)
    DMA2_Channel2_IRQHandler                 0x08000723   Thumb Code     0  startup_stm32f10x_hd.o(.text)
    DMA2_Channel3_IRQHandler                 0x08000723   Thumb Code     0  startup_stm32f10x_hd.o(.text)
    DMA2_Channel4_5_IRQHandler               0x08000723   Thumb Code     0  startup_stm32f10x_hd.o(.text)
    EXTI0_IRQHandler                         0x08000723   Thumb Code     0  startup_stm32f10x_hd.o(.text)
    EXTI15_10_IRQHandler                     0x08000723   Thumb Code     0  startup_stm32f10x_hd.o(.text)
    EXTI1_IRQHandler                         0x08000723   Thumb Code     0  startup_stm32f10x_hd.o(.text)
    EXTI2_IRQHandler                         0x08000723   Thumb Code     0  startup_stm32f10x_hd.o(.text)
    EXTI3_IRQHandler                         0x08000723   Thumb Code     0  startup_stm32f10x_hd.o(.text)
    EXTI4_IRQHandler                         0x08000723   Thumb Code     0  startup_stm32f10x_hd.o(.text)
    EXTI9_5_IRQHandler                       0x08000723   Thumb Code     0  startup_stm32f10x_hd.o(.text)
    FLASH_IRQHandler                         0x08000723   Thumb Code     0  startup_stm32f10x_hd.o(.text)
    FSMC_IRQHandler                          0x08000723   Thumb Code     0  startup_stm32f10x_hd.o(.text)
    I2C1_ER_IRQHandler                       0x08000723   Thumb Code     0  startup_stm32f10x_hd.o(.text)
    I2C1_EV_IRQHandler                       0x08000723   Thumb Code     0  startup_stm32f10x_hd.o(.text)
    I2C2_ER_IRQHandler                       0x08000723   Thumb Code     0  startup_stm32f10x_hd.o(.text)
    I2C2_EV_IRQHandler                       0x08000723   Thumb Code     0  startup_stm32f10x_hd.o(.text)
    PVD_IRQHandler                           0x08000723   Thumb Code     0  startup_stm32f10x_hd.o(.text)
    RCC_IRQHandler                           0x08000723   Thumb Code     0  startup_stm32f10x_hd.o(.text)
    RTCAlarm_IRQHandler                      0x08000723   Thumb Code     0  startup_stm32f10x_hd.o(.text)
    RTC_IRQHandler                           0x08000723   Thumb Code     0  startup_stm32f10x_hd.o(.text)
    SDIO_IRQHandler                          0x08000723   Thumb Code     0  startup_stm32f10x_hd.o(.text)
    SPI1_IRQHandler                          0x08000723   Thumb Code     0  startup_stm32f10x_hd.o(.text)
    SPI2_IRQHandler                          0x08000723   Thumb Code     0  startup_stm32f10x_hd.o(.text)
    SPI3_IRQHandler                          0x08000723   Thumb Code     0  startup_stm32f10x_hd.o(.text)
    TAMPER_IRQHandler                        0x08000723   Thumb Code     0  startup_stm32f10x_hd.o(.text)
    TIM1_BRK_IRQHandler                      0x08000723   Thumb Code     0  startup_stm32f10x_hd.o(.text)
    TIM1_CC_IRQHandler                       0x08000723   Thumb Code     0  startup_stm32f10x_hd.o(.text)
    TIM1_TRG_COM_IRQHandler                  0x08000723   Thumb Code     0  startup_stm32f10x_hd.o(.text)
    TIM1_UP_IRQHandler                       0x08000723   Thumb Code     0  startup_stm32f10x_hd.o(.text)
    TIM2_IRQHandler                          0x08000723   Thumb Code     0  startup_stm32f10x_hd.o(.text)
    TIM3_IRQHandler                          0x08000723   Thumb Code     0  startup_stm32f10x_hd.o(.text)
    TIM4_IRQHandler                          0x08000723   Thumb Code     0  startup_stm32f10x_hd.o(.text)
    TIM5_IRQHandler                          0x08000723   Thumb Code     0  startup_stm32f10x_hd.o(.text)
    TIM6_IRQHandler                          0x08000723   Thumb Code     0  startup_stm32f10x_hd.o(.text)
    TIM7_IRQHandler                          0x08000723   Thumb Code     0  startup_stm32f10x_hd.o(.text)
    TIM8_BRK_IRQHandler                      0x08000723   Thumb Code     0  startup_stm32f10x_hd.o(.text)
    TIM8_CC_IRQHandler                       0x08000723   Thumb Code     0  startup_stm32f10x_hd.o(.text)
    TIM8_TRG_COM_IRQHandler                  0x08000723   Thumb Code     0  startup_stm32f10x_hd.o(.text)
    TIM8_UP_IRQHandler                       0x08000723   Thumb Code     0  startup_stm32f10x_hd.o(.text)
    UART4_IRQHandler                         0x08000723   Thumb Code     0  startup_stm32f10x_hd.o(.text)
    UART5_IRQHandler                         0x08000723   Thumb Code     0  startup_stm32f10x_hd.o(.text)
    USART2_IRQHandler                        0x08000723   Thumb Code     0  startup_stm32f10x_hd.o(.text)
    USART3_IRQHandler                        0x08000723   Thumb Code     0  startup_stm32f10x_hd.o(.text)
    USBWakeUp_IRQHandler                     0x08000723   Thumb Code     0  startup_stm32f10x_hd.o(.text)
    USB_HP_CAN1_TX_IRQHandler                0x08000723   Thumb Code     0  startup_stm32f10x_hd.o(.text)
    USB_LP_CAN1_RX0_IRQHandler               0x08000723   Thumb Code     0  startup_stm32f10x_hd.o(.text)
    WWDG_IRQHandler                          0x08000723   Thumb Code     0  startup_stm32f10x_hd.o(.text)
    __user_initial_stackheap                 0x08000725   Thumb Code     0  startup_stm32f10x_hd.o(.text)
    NVIC_PriorityGroupConfig                 0x08000749   Thumb Code    10  misc.o(.text)
    NVIC_Init                                0x08000753   Thumb Code    94  misc.o(.text)
    NVIC_SetVectorTable                      0x080007b1   Thumb Code    14  misc.o(.text)
    NVIC_SystemLPConfig                      0x080007bf   Thumb Code    20  misc.o(.text)
    SysTick_CLKSourceConfig                  0x080007d3   Thumb Code    24  misc.o(.text)
    GPIO_DeInit                              0x080007f9   Thumb Code   152  stm32f10x_gpio.o(.text)
    GPIO_AFIODeInit                          0x08000891   Thumb Code    22  stm32f10x_gpio.o(.text)
    GPIO_Init                                0x080008a7   Thumb Code   156  stm32f10x_gpio.o(.text)
    GPIO_StructInit                          0x08000943   Thumb Code    16  stm32f10x_gpio.o(.text)
    GPIO_ReadInputDataBit                    0x08000953   Thumb Code    14  stm32f10x_gpio.o(.text)
    GPIO_ReadInputData                       0x08000961   Thumb Code     6  stm32f10x_gpio.o(.text)
    GPIO_ReadOutputDataBit                   0x08000967   Thumb Code    14  stm32f10x_gpio.o(.text)
    GPIO_ReadOutputData                      0x08000975   Thumb Code     6  stm32f10x_gpio.o(.text)
    GPIO_SetBits                             0x0800097b   Thumb Code     4  stm32f10x_gpio.o(.text)
    GPIO_ResetBits                           0x0800097f   Thumb Code     4  stm32f10x_gpio.o(.text)
    GPIO_WriteBit                            0x08000983   Thumb Code    10  stm32f10x_gpio.o(.text)
    GPIO_Write                               0x0800098d   Thumb Code     4  stm32f10x_gpio.o(.text)
    GPIO_PinLockConfig                       0x08000991   Thumb Code    16  stm32f10x_gpio.o(.text)
    GPIO_EventOutputConfig                   0x080009a1   Thumb Code    22  stm32f10x_gpio.o(.text)
    GPIO_EventOutputCmd                      0x080009b7   Thumb Code     6  stm32f10x_gpio.o(.text)
    GPIO_PinRemapConfig                      0x080009bd   Thumb Code    82  stm32f10x_gpio.o(.text)
    GPIO_EXTILineConfig                      0x08000a0f   Thumb Code    34  stm32f10x_gpio.o(.text)
    GPIO_ETH_MediaInterfaceConfig            0x08000a31   Thumb Code     8  stm32f10x_gpio.o(.text)
    RCC_DeInit                               0x08000a5d   Thumb Code    50  stm32f10x_rcc.o(.text)
    RCC_HSEConfig                            0x08000a8f   Thumb Code    48  stm32f10x_rcc.o(.text)
    RCC_GetFlagStatus                        0x08000abf   Thumb Code    42  stm32f10x_rcc.o(.text)
    RCC_WaitForHSEStartUp                    0x08000ae9   Thumb Code    44  stm32f10x_rcc.o(.text)
    RCC_AdjustHSICalibrationValue            0x08000b15   Thumb Code    16  stm32f10x_rcc.o(.text)
    RCC_HSICmd                               0x08000b25   Thumb Code     6  stm32f10x_rcc.o(.text)
    RCC_PLLConfig                            0x08000b2b   Thumb Code    16  stm32f10x_rcc.o(.text)
    RCC_PLLCmd                               0x08000b3b   Thumb Code     6  stm32f10x_rcc.o(.text)
    RCC_SYSCLKConfig                         0x08000b41   Thumb Code    14  stm32f10x_rcc.o(.text)
    RCC_GetSYSCLKSource                      0x08000b4f   Thumb Code    10  stm32f10x_rcc.o(.text)
    RCC_HCLKConfig                           0x08000b59   Thumb Code    14  stm32f10x_rcc.o(.text)
    RCC_PCLK1Config                          0x08000b67   Thumb Code    14  stm32f10x_rcc.o(.text)
    RCC_PCLK2Config                          0x08000b75   Thumb Code    16  stm32f10x_rcc.o(.text)
    RCC_ITConfig                             0x08000b85   Thumb Code    18  stm32f10x_rcc.o(.text)
    RCC_USBCLKConfig                         0x08000b97   Thumb Code     8  stm32f10x_rcc.o(.text)
    RCC_ADCCLKConfig                         0x08000b9f   Thumb Code    14  stm32f10x_rcc.o(.text)
    RCC_LSEConfig                            0x08000bad   Thumb Code    28  stm32f10x_rcc.o(.text)
    RCC_LSICmd                               0x08000bc9   Thumb Code     6  stm32f10x_rcc.o(.text)
    RCC_RTCCLKConfig                         0x08000bcf   Thumb Code    10  stm32f10x_rcc.o(.text)
    RCC_RTCCLKCmd                            0x08000bd9   Thumb Code     8  stm32f10x_rcc.o(.text)
    RCC_GetClocksFreq                        0x08000be1   Thumb Code   132  stm32f10x_rcc.o(.text)
    RCC_AHBPeriphClockCmd                    0x08000c65   Thumb Code    18  stm32f10x_rcc.o(.text)
    RCC_APB2PeriphClockCmd                   0x08000c77   Thumb Code    18  stm32f10x_rcc.o(.text)
    RCC_APB1PeriphClockCmd                   0x08000c89   Thumb Code    18  stm32f10x_rcc.o(.text)
    RCC_APB2PeriphResetCmd                   0x08000c9b   Thumb Code    18  stm32f10x_rcc.o(.text)
    RCC_APB1PeriphResetCmd                   0x08000cad   Thumb Code    18  stm32f10x_rcc.o(.text)
    RCC_BackupResetCmd                       0x08000cbf   Thumb Code     8  stm32f10x_rcc.o(.text)
    RCC_ClockSecuritySystemCmd               0x08000cc7   Thumb Code     6  stm32f10x_rcc.o(.text)
    RCC_MCOConfig                            0x08000ccd   Thumb Code     6  stm32f10x_rcc.o(.text)
    RCC_ClearFlag                            0x08000cd3   Thumb Code    12  stm32f10x_rcc.o(.text)
    RCC_GetITStatus                          0x08000cdf   Thumb Code    16  stm32f10x_rcc.o(.text)
    RCC_ClearITPendingBit                    0x08000cef   Thumb Code     6  stm32f10x_rcc.o(.text)
    USART_DeInit                             0x08000d15   Thumb Code    96  stm32f10x_usart.o(.text)
    USART_Init                               0x08000d75   Thumb Code   166  stm32f10x_usart.o(.text)
    USART_StructInit                         0x08000e1b   Thumb Code    22  stm32f10x_usart.o(.text)
    USART_ClockInit                          0x08000e31   Thumb Code    30  stm32f10x_usart.o(.text)
    USART_ClockStructInit                    0x08000e4f   Thumb Code    12  stm32f10x_usart.o(.text)
    USART_Cmd                                0x08000e5b   Thumb Code    20  stm32f10x_usart.o(.text)
    USART_ITConfig                           0x08000e6f   Thumb Code    48  stm32f10x_usart.o(.text)
    USART_DMACmd                             0x08000e9f   Thumb Code    16  stm32f10x_usart.o(.text)
    USART_SetAddress                         0x08000eaf   Thumb Code    16  stm32f10x_usart.o(.text)
    USART_WakeUpConfig                       0x08000ebf   Thumb Code    16  stm32f10x_usart.o(.text)
    USART_ReceiverWakeUpCmd                  0x08000ecf   Thumb Code    20  stm32f10x_usart.o(.text)
    USART_LINBreakDetectLengthConfig         0x08000ee3   Thumb Code    16  stm32f10x_usart.o(.text)
    USART_LINCmd                             0x08000ef3   Thumb Code    20  stm32f10x_usart.o(.text)
    USART_SendData                           0x08000f07   Thumb Code     8  stm32f10x_usart.o(.text)
    USART_ReceiveData                        0x08000f0f   Thumb Code     8  stm32f10x_usart.o(.text)
    USART_SendBreak                          0x08000f17   Thumb Code    10  stm32f10x_usart.o(.text)
    USART_SetGuardTime                       0x08000f21   Thumb Code    16  stm32f10x_usart.o(.text)
    USART_SetPrescaler                       0x08000f31   Thumb Code    16  stm32f10x_usart.o(.text)
    USART_SmartCardCmd                       0x08000f41   Thumb Code    20  stm32f10x_usart.o(.text)
    USART_SmartCardNACKCmd                   0x08000f55   Thumb Code    20  stm32f10x_usart.o(.text)
    USART_HalfDuplexCmd                      0x08000f69   Thumb Code    20  stm32f10x_usart.o(.text)
    USART_OverSampling8Cmd                   0x08000f7d   Thumb Code    20  stm32f10x_usart.o(.text)
    USART_OneBitMethodCmd                    0x08000f91   Thumb Code    20  stm32f10x_usart.o(.text)
    USART_IrDAConfig                         0x08000fa5   Thumb Code    16  stm32f10x_usart.o(.text)
    USART_IrDACmd                            0x08000fb5   Thumb Code    20  stm32f10x_usart.o(.text)
    USART_GetFlagStatus                      0x08000fc9   Thumb Code    14  stm32f10x_usart.o(.text)
    USART_ClearFlag                          0x08000fd7   Thumb Code     6  stm32f10x_usart.o(.text)
    USART_GetITStatus                        0x08000fdd   Thumb Code    62  stm32f10x_usart.o(.text)
    USART_ClearITPendingBit                  0x0800101b   Thumb Code    12  stm32f10x_usart.o(.text)
    vListInitialise                          0x0800103d   Thumb Code    22  list.o(.text)
    vListInitialiseItem                      0x08001053   Thumb Code     6  list.o(.text)
    vListInsertEnd                           0x08001059   Thumb Code    24  list.o(.text)
    vListInsert                              0x08001071   Thumb Code    48  list.o(.text)
    uxListRemove                             0x080010a1   Thumb Code    36  list.o(.text)
    xQueueGenericReset                       0x080010c5   Thumb Code   128  queue.o(.text)
    xQueueGenericCreate                      0x08001145   Thumb Code    82  queue.o(.text)
    xQueueGenericSend                        0x080012e5   Thumb Code   350  queue.o(.text)
    xQueueCreateMutex                        0x08001443   Thumb Code    36  queue.o(.text)
    xQueueGiveMutexRecursive                 0x08001467   Thumb Code    98  queue.o(.text)
    xQueueGenericReceive                     0x080014ef   Thumb Code   356  queue.o(.text)
    xQueueTakeMutexRecursive                 0x08001653   Thumb Code    68  queue.o(.text)
    xQueueCreateCountingSemaphore            0x08001697   Thumb Code    62  queue.o(.text)
    xQueueGenericSendFromISR                 0x080016d5   Thumb Code   200  queue.o(.text)
    xQueueGiveFromISR                        0x0800179d   Thumb Code   172  queue.o(.text)
    xQueueReceiveFromISR                     0x08001849   Thumb Code   150  queue.o(.text)
    xQueuePeekFromISR                        0x080018df   Thumb Code   114  queue.o(.text)
    uxQueueMessagesWaiting                   0x08001951   Thumb Code    36  queue.o(.text)
    uxQueueSpacesAvailable                   0x08001975   Thumb Code    40  queue.o(.text)
    uxQueueMessagesWaitingFromISR            0x0800199d   Thumb Code    26  queue.o(.text)
    vQueueUnregisterQueue                    0x080019b7   Thumb Code    36  queue.o(.text)
    vQueueDelete                             0x080019db   Thumb Code    38  queue.o(.text)
    uxQueueGetQueueNumber                    0x08001a01   Thumb Code     4  queue.o(.text)
    vQueueSetQueueNumber                     0x08001a05   Thumb Code     4  queue.o(.text)
    ucQueueGetQueueType                      0x08001a09   Thumb Code     6  queue.o(.text)
    xQueueIsQueueEmptyFromISR                0x08001a0f   Thumb Code    34  queue.o(.text)
    xQueueIsQueueFullFromISR                 0x08001a31   Thumb Code    38  queue.o(.text)
    vQueueAddToRegistry                      0x08001a57   Thumb Code    32  queue.o(.text)
    pcQueueGetName                           0x08001a77   Thumb Code    34  queue.o(.text)
    vQueueWaitForMessageRestricted           0x08001a99   Thumb Code    68  queue.o(.text)
    xQueueCreateSet                          0x08001add   Thumb Code     8  queue.o(.text)
    xQueueAddToSet                           0x08001ae5   Thumb Code    34  queue.o(.text)
    xQueueRemoveFromSet                      0x08001b07   Thumb Code    34  queue.o(.text)
    xQueueSelectFromSet                      0x08001b29   Thumb Code    18  queue.o(.text)
    xQueueSelectFromSetFromISR               0x08001b3b   Thumb Code    18  queue.o(.text)
    xTaskCreate                              0x08001c31   Thumb Code    86  tasks.o(.text)
    vTaskDelete                              0x08001c87   Thumb Code   154  tasks.o(.text)
    xTaskIncrementTick                       0x08001d21   Thumb Code   186  tasks.o(.text)
    xTaskResumeAll                           0x08001ddb   Thumb Code   182  tasks.o(.text)
    vTaskSuspendAll                          0x08001ef7   Thumb Code    10  tasks.o(.text)
    vTaskDelayUntil                          0x08001f01   Thumb Code   180  tasks.o(.text)
    vTaskDelay                               0x08001fb5   Thumb Code    66  tasks.o(.text)
    eTaskGetState                            0x08001ff7   Thumb Code    94  tasks.o(.text)
    uxTaskPriorityGet                        0x08002055   Thumb Code    24  tasks.o(.text)
    uxTaskPriorityGetFromISR                 0x0800206d   Thumb Code    40  tasks.o(.text)
    vTaskPrioritySet                         0x08002095   Thumb Code   184  tasks.o(.text)
    vTaskSwitchContext                       0x0800214d   Thumb Code    84  tasks.o(.text)
    vTaskSuspend                             0x080021a1   Thumb Code   156  tasks.o(.text)
    vTaskResume                              0x0800226d   Thumb Code   116  tasks.o(.text)
    xTaskResumeFromISR                       0x080022e1   Thumb Code   126  tasks.o(.text)
    vTaskStartScheduler                      0x0800237d   Thumb Code   130  tasks.o(.text)
    vTaskEndScheduler                        0x080023ff   Thumb Code    24  tasks.o(.text)
    xTaskGetTickCount                        0x08002417   Thumb Code     6  tasks.o(.text)
    xTaskGetTickCountFromISR                 0x0800241d   Thumb Code    12  tasks.o(.text)
    uxTaskGetNumberOfTasks                   0x08002429   Thumb Code     6  tasks.o(.text)
    pcTaskGetName                            0x0800242f   Thumb Code    38  tasks.o(.text)
    vTaskGetInfo                             0x08002455   Thumb Code   126  tasks.o(.text)
    uxTaskGetSystemState                     0x08002527   Thumb Code   156  tasks.o(.text)
    vTaskPlaceOnEventList                    0x080025c3   Thumb Code    46  tasks.o(.text)
    vTaskPlaceOnUnorderedEventList           0x080025f1   Thumb Code    78  tasks.o(.text)
    vTaskPlaceOnEventListRestricted          0x0800263f   Thumb Code    54  tasks.o(.text)
    xTaskRemoveFromEventList                 0x08002675   Thumb Code   106  tasks.o(.text)
    xTaskRemoveFromUnorderedEventList        0x080026df   Thumb Code   116  tasks.o(.text)
    vTaskSetTimeOutState                     0x08002753   Thumb Code    34  tasks.o(.text)
    xTaskCheckForTimeOut                     0x08002775   Thumb Code   114  tasks.o(.text)
    vTaskMissedYield                         0x080027e7   Thumb Code     8  tasks.o(.text)
    uxTaskGetTaskNumber                      0x080027ef   Thumb Code     8  tasks.o(.text)
    vTaskSetTaskNumber                       0x080027f7   Thumb Code     8  tasks.o(.text)
    xTaskGetCurrentTaskHandle                0x080027ff   Thumb Code     6  tasks.o(.text)
    xTaskGetSchedulerState                   0x08002805   Thumb Code    22  tasks.o(.text)
    vTaskPriorityInherit                     0x0800281b   Thumb Code   124  tasks.o(.text)
    xTaskPriorityDisinherit                  0x08002897   Thumb Code   144  tasks.o(.text)
    vTaskList                                0x08002927   Thumb Code   188  tasks.o(.text)
    uxTaskResetEventItemValue                0x080029e3   Thumb Code    20  tasks.o(.text)
    pvTaskIncrementMutexHeldCount            0x080029f7   Thumb Code    18  tasks.o(.text)
    ulTaskNotifyTake                         0x08002a09   Thumb Code    96  tasks.o(.text)
    xTaskNotifyWait                          0x08002a69   Thumb Code   128  tasks.o(.text)
    xTaskGenericNotify                       0x08002ae9   Thumb Code   190  tasks.o(.text)
    xTaskGenericNotifyFromISR                0x08002ba7   Thumb Code   256  tasks.o(.text)
    vTaskNotifyGiveFromISR                   0x08002ca7   Thumb Code   168  tasks.o(.text)
    xTaskNotifyStateClear                    0x08002d4f   Thumb Code    44  tasks.o(.text)
    xTimerGenericCommand                     0x08002ef1   Thumb Code    98  timers.o(.text)
    xTimerCreateTimerTask                    0x08003077   Thumb Code    58  timers.o(.text)
    xTimerCreate                             0x080030b1   Thumb Code    72  timers.o(.text)
    xTimerGetTimerDaemonTaskHandle           0x080030f9   Thumb Code    24  timers.o(.text)
    xTimerGetPeriod                          0x08003111   Thumb Code    22  timers.o(.text)
    xTimerGetExpiryTime                      0x08003127   Thumb Code    22  timers.o(.text)
    pcTimerGetName                           0x0800313d   Thumb Code    22  timers.o(.text)
    xTimerIsTimerActive                      0x08003153   Thumb Code    40  timers.o(.text)
    pvTimerGetTimerID                        0x0800317b   Thumb Code    32  timers.o(.text)
    vTimerSetTimerID                         0x0800319b   Thumb Code    34  timers.o(.text)
    xTimerPendFunctionCallFromISR            0x080031bd   Thumb Code    34  timers.o(.text)
    xTimerPendFunctionCall                   0x080031df   Thumb Code    60  timers.o(.text)
    pxPortInitialiseStack                    0x080033f7   Thumb Code    32  port.o(.text)
    vPortSetupTimerInterrupt                 0x08003417   Thumb Code    26  port.o(.text)
    xPortStartScheduler                      0x08003431   Thumb Code   108  port.o(.text)
    vPortEndScheduler                        0x0800349d   Thumb Code    24  port.o(.text)
    vPortEnterCritical                       0x080034b5   Thumb Code    52  port.o(.text)
    vPortExitCritical                        0x080034e9   Thumb Code    34  port.o(.text)
    xPortSysTickHandler                      0x0800350b   Thumb Code    40  port.o(.text)
    vPortValidateInterruptPriority           0x08003533   Thumb Code    72  port.o(.text)
    pvPortMalloc                             0x08003615   Thumb Code   214  heap_4.o(.text)
    vPortFree                                0x080036eb   Thumb Code    96  heap_4.o(.text)
    xPortGetFreeHeapSize                     0x0800374b   Thumb Code     8  heap_4.o(.text)
    xPortGetMinimumEverFreeHeapSize          0x08003753   Thumb Code     8  heap_4.o(.text)
    vPortInitialiseBlocks                    0x0800375b   Thumb Code     2  heap_4.o(.text)
    __use_no_semihosting                     0x080037e1   Thumb Code     2  use_no_semi_2.o(.text)
    __2printf                                0x080037e5   Thumb Code    20  noretval__2printf.o(.text)
    __2sprintf                               0x080037fd   Thumb Code    34  noretval__2sprintf.o(.text)
    __printf                                 0x08003825   Thumb Code   104  __printf.o(.text)
    _printf_str                              0x0800388d   Thumb Code    82  _printf_str.o(.text)
    _printf_int_dec                          0x080038e1   Thumb Code   104  _printf_dec.o(.text)
    strcpy                                   0x08003959   Thumb Code    72  strcpy.o(.text)
    strlen                                   0x080039a1   Thumb Code    62  strlen.o(.text)
    __aeabi_memcpy                           0x080039df   Thumb Code     0  rt_memcpy_v6.o(.text)
    __rt_memcpy                              0x080039df   Thumb Code   138  rt_memcpy_v6.o(.text)
    _memcpy_lastbytes                        0x08003a45   Thumb Code     0  rt_memcpy_v6.o(.text)
    __aeabi_memset                           0x08003a69   Thumb Code    16  aeabi_memset.o(.text)
    __use_two_region_memory                  0x08003a79   Thumb Code     2  heapauxi.o(.text)
    __rt_heap_escrow$2region                 0x08003a7b   Thumb Code     2  heapauxi.o(.text)
    __rt_heap_expand$2region                 0x08003a7d   Thumb Code     2  heapauxi.o(.text)
    __I$use$semihosting                      0x08003a7f   Thumb Code     0  use_no_semi.o(.text)
    __use_no_semihosting_swi                 0x08003a7f   Thumb Code     2  use_no_semi.o(.text)
    _printf_int_common                       0x08003a81   Thumb Code   178  _printf_intcommon.o(.text)
    _printf_char_common                      0x08003b3f   Thumb Code    32  _printf_char_common.o(.text)
    _sputc                                   0x08003b65   Thumb Code    10  _sputc.o(.text)
    _printf_cs_common                        0x08003b6f   Thumb Code    20  _printf_char.o(.text)
    _printf_char                             0x08003b83   Thumb Code    16  _printf_char.o(.text)
    _printf_string                           0x08003b93   Thumb Code     8  _printf_char.o(.text)
    _printf_char_file                        0x08003b9d   Thumb Code    32  _printf_char_file.o(.text)
    __aeabi_memcpy4                          0x08003bc1   Thumb Code     0  rt_memcpy_w.o(.text)
    __aeabi_memcpy8                          0x08003bc1   Thumb Code     0  rt_memcpy_w.o(.text)
    __rt_memcpy_w                            0x08003bc1   Thumb Code   100  rt_memcpy_w.o(.text)
    _memcpy_lastbytes_aligned                0x08003c09   Thumb Code     0  rt_memcpy_w.o(.text)
    __aeabi_memclr                           0x08003c25   Thumb Code     0  rt_memclr.o(.text)
    __rt_memclr                              0x08003c25   Thumb Code    68  rt_memclr.o(.text)
    _memset                                  0x08003c29   Thumb Code     0  rt_memclr.o(.text)
    ferror                                   0x08003c69   Thumb Code     8  ferror.o(.text)
    __aeabi_memclr4                          0x08003c71   Thumb Code     0  rt_memclr_w.o(.text)
    __aeabi_memclr8                          0x08003c71   Thumb Code     0  rt_memclr_w.o(.text)
    __rt_memclr_w                            0x08003c71   Thumb Code    78  rt_memclr_w.o(.text)
    _memset_w                                0x08003c75   Thumb Code     0  rt_memclr_w.o(.text)
    __user_setup_stackheap                   0x08003cbf   Thumb Code    74  sys_stackheap_outer.o(.text)
    exit                                     0x08003d09   Thumb Code    18  exit.o(.text)
    __user_libspace                          0x08003d1d   Thumb Code     8  libspace.o(.text)
    __user_perproc_libspace                  0x08003d1d   Thumb Code     0  libspace.o(.text)
    __user_perthread_libspace                0x08003d1d   Thumb Code     0  libspace.o(.text)
    Region$$Table$$Base                      0x08003d24   Number         0  anon$$obj.o(Region$$Table)
    Region$$Table$$Limit                     0x08003d44   Number         0  anon$$obj.o(Region$$Table)
    StartTask_Handler                        0x20000000   Data           4  main.o(.data)
    LED0Task_Handler                         0x20000004   Data           4  main.o(.data)
    LED1Task_Handler                         0x20000008   Data           4  main.o(.data)
    SystemCoreClock                          0x2000000c   Data           4  system_stm32f10x.o(.data)
    AHBPrescTable                            0x20000010   Data          16  system_stm32f10x.o(.data)
    USART_RX_STA                             0x20000024   Data           2  usart.o(.data)
    __stdout                                 0x20000028   Data           4  usart.o(.data)
    pxCurrentTCB                             0x20000040   Data           4  tasks.o(.data)
    USART_RX_BUF                             0x200000b4   Data         200  usart.o(.bss)
    xQueueRegistry                           0x2000017c   Data          64  queue.o(.bss)
    __libspace_start                         0x200054c8   Data          96  libspace.o(.bss)
    __temporary_stack_top$libspace           0x20005528   Data           0  libspace.o(.bss)



==============================================================================

Memory Map of the image

  Image Entry point : 0x08000131

  Load Region LR_IROM1 (Base: 0x08000000, Size: 0x00003df8, Max: 0x00040000, ABSOLUTE)

    Execution Region ER_IROM1 (Exec base: 0x08000000, Load base: 0x08000000, Size: 0x00003d44, Max: 0x00040000, ABSOLUTE)

    Exec Addr    Load Addr    Size         Type   Attr      Idx    E Section Name        Object

    0x08000000   0x08000000   0x00000130   Data   RO          295    RESET               startup_stm32f10x_hd.o
    0x08000130   0x08000130   0x00000008   Code   RO          582  * !!!main             c_w.l(__main.o)
    0x08000138   0x08000138   0x00000034   Code   RO          760    !!!scatter          c_w.l(__scatter.o)
    0x0800016c   0x0800016c   0x0000001a   Code   RO          762    !!handler_copy      c_w.l(__scatter_copy.o)
    0x08000186   0x08000186   0x00000002   PAD
    0x08000188   0x08000188   0x0000001c   Code   RO          764    !!handler_zi        c_w.l(__scatter_zi.o)
    0x080001a4   0x080001a4   0x00000000   Code   RO          571    .ARM.Collect$$_printf_percent$$00000000  c_w.l(_printf_percent.o)
    0x080001a4   0x080001a4   0x00000006   Code   RO          569    .ARM.Collect$$_printf_percent$$00000009  c_w.l(_printf_d.o)
    0x080001aa   0x080001aa   0x00000006   Code   RO          570    .ARM.Collect$$_printf_percent$$0000000A  c_w.l(_printf_u.o)
    0x080001b0   0x080001b0   0x00000006   Code   RO          567    .ARM.Collect$$_printf_percent$$00000013  c_w.l(_printf_c.o)
    0x080001b6   0x080001b6   0x00000006   Code   RO          568    .ARM.Collect$$_printf_percent$$00000014  c_w.l(_printf_s.o)
    0x080001bc   0x080001bc   0x00000004   Code   RO          597    .ARM.Collect$$_printf_percent$$00000017  c_w.l(_printf_percent_end.o)
    0x080001c0   0x080001c0   0x00000002   Code   RO          634    .ARM.Collect$$libinit$$00000000  c_w.l(libinit.o)
    0x080001c2   0x080001c2   0x00000000   Code   RO          641    .ARM.Collect$$libinit$$00000002  c_w.l(libinit2.o)
    0x080001c2   0x080001c2   0x00000000   Code   RO          643    .ARM.Collect$$libinit$$00000004  c_w.l(libinit2.o)
    0x080001c2   0x080001c2   0x00000000   Code   RO          646    .ARM.Collect$$libinit$$0000000A  c_w.l(libinit2.o)
    0x080001c2   0x080001c2   0x00000000   Code   RO          648    .ARM.Collect$$libinit$$0000000C  c_w.l(libinit2.o)
    0x080001c2   0x080001c2   0x00000000   Code   RO          650    .ARM.Collect$$libinit$$0000000E  c_w.l(libinit2.o)
    0x080001c2   0x080001c2   0x00000000   Code   RO          653    .ARM.Collect$$libinit$$00000011  c_w.l(libinit2.o)
    0x080001c2   0x080001c2   0x00000000   Code   RO          655    .ARM.Collect$$libinit$$00000013  c_w.l(libinit2.o)
    0x080001c2   0x080001c2   0x00000000   Code   RO          657    .ARM.Collect$$libinit$$00000015  c_w.l(libinit2.o)
    0x080001c2   0x080001c2   0x00000000   Code   RO          659    .ARM.Collect$$libinit$$00000017  c_w.l(libinit2.o)
    0x080001c2   0x080001c2   0x00000000   Code   RO          661    .ARM.Collect$$libinit$$00000019  c_w.l(libinit2.o)
    0x080001c2   0x080001c2   0x00000000   Code   RO          663    .ARM.Collect$$libinit$$0000001B  c_w.l(libinit2.o)
    0x080001c2   0x080001c2   0x00000000   Code   RO          665    .ARM.Collect$$libinit$$0000001D  c_w.l(libinit2.o)
    0x080001c2   0x080001c2   0x00000000   Code   RO          667    .ARM.Collect$$libinit$$0000001F  c_w.l(libinit2.o)
    0x080001c2   0x080001c2   0x00000000   Code   RO          669    .ARM.Collect$$libinit$$00000021  c_w.l(libinit2.o)
    0x080001c2   0x080001c2   0x00000000   Code   RO          671    .ARM.Collect$$libinit$$00000023  c_w.l(libinit2.o)
    0x080001c2   0x080001c2   0x00000000   Code   RO          673    .ARM.Collect$$libinit$$00000025  c_w.l(libinit2.o)
    0x080001c2   0x080001c2   0x00000000   Code   RO          677    .ARM.Collect$$libinit$$0000002C  c_w.l(libinit2.o)
    0x080001c2   0x080001c2   0x00000000   Code   RO          679    .ARM.Collect$$libinit$$0000002E  c_w.l(libinit2.o)
    0x080001c2   0x080001c2   0x00000000   Code   RO          681    .ARM.Collect$$libinit$$00000030  c_w.l(libinit2.o)
    0x080001c2   0x080001c2   0x00000000   Code   RO          683    .ARM.Collect$$libinit$$00000032  c_w.l(libinit2.o)
    0x080001c2   0x080001c2   0x00000002   Code   RO          684    .ARM.Collect$$libinit$$00000033  c_w.l(libinit2.o)
    0x080001c4   0x080001c4   0x00000002   Code   RO          702    .ARM.Collect$$libshutdown$$00000000  c_w.l(libshutdown.o)
    0x080001c6   0x080001c6   0x00000000   Code   RO          712    .ARM.Collect$$libshutdown$$00000002  c_w.l(libshutdown2.o)
    0x080001c6   0x080001c6   0x00000000   Code   RO          714    .ARM.Collect$$libshutdown$$00000004  c_w.l(libshutdown2.o)
    0x080001c6   0x080001c6   0x00000000   Code   RO          717    .ARM.Collect$$libshutdown$$00000007  c_w.l(libshutdown2.o)
    0x080001c6   0x080001c6   0x00000000   Code   RO          720    .ARM.Collect$$libshutdown$$0000000A  c_w.l(libshutdown2.o)
    0x080001c6   0x080001c6   0x00000000   Code   RO          722    .ARM.Collect$$libshutdown$$0000000C  c_w.l(libshutdown2.o)
    0x080001c6   0x080001c6   0x00000000   Code   RO          725    .ARM.Collect$$libshutdown$$0000000F  c_w.l(libshutdown2.o)
    0x080001c6   0x080001c6   0x00000002   Code   RO          726    .ARM.Collect$$libshutdown$$00000010  c_w.l(libshutdown2.o)
    0x080001c8   0x080001c8   0x00000000   Code   RO          586    .ARM.Collect$$rtentry$$00000000  c_w.l(__rtentry.o)
    0x080001c8   0x080001c8   0x00000000   Code   RO          603    .ARM.Collect$$rtentry$$00000002  c_w.l(__rtentry2.o)
    0x080001c8   0x080001c8   0x00000006   Code   RO          615    .ARM.Collect$$rtentry$$00000004  c_w.l(__rtentry4.o)
    0x080001ce   0x080001ce   0x00000000   Code   RO          605    .ARM.Collect$$rtentry$$00000009  c_w.l(__rtentry2.o)
    0x080001ce   0x080001ce   0x00000004   Code   RO          606    .ARM.Collect$$rtentry$$0000000A  c_w.l(__rtentry2.o)
    0x080001d2   0x080001d2   0x00000000   Code   RO          608    .ARM.Collect$$rtentry$$0000000C  c_w.l(__rtentry2.o)
    0x080001d2   0x080001d2   0x00000008   Code   RO          609    .ARM.Collect$$rtentry$$0000000D  c_w.l(__rtentry2.o)
    0x080001da   0x080001da   0x00000002   Code   RO          638    .ARM.Collect$$rtexit$$00000000  c_w.l(rtexit.o)
    0x080001dc   0x080001dc   0x00000000   Code   RO          686    .ARM.Collect$$rtexit$$00000002  c_w.l(rtexit2.o)
    0x080001dc   0x080001dc   0x00000004   Code   RO          687    .ARM.Collect$$rtexit$$00000003  c_w.l(rtexit2.o)
    0x080001e0   0x080001e0   0x00000006   Code   RO          688    .ARM.Collect$$rtexit$$00000004  c_w.l(rtexit2.o)
    0x080001e6   0x080001e6   0x00000002   PAD
    0x080001e8   0x080001e8   0x00000096   Code   RO          483    .emb_text           port.o
    0x0800027e   0x0800027e   0x00000002   PAD
    0x08000280   0x08000280   0x000000e8   Code   RO            1    .text               main.o
    0x08000368   0x08000368   0x0000000c   Code   RO          151    .text               stm32f10x_it.o
    0x08000374   0x08000374   0x00000158   Code   RO          192    .text               system_stm32f10x.o
    0x080004cc   0x080004cc   0x00000050   Code   RO          210    .text               led.o
    0x0800051c   0x0800051c   0x000000d8   Code   RO          222    .text               delay.o
    0x080005f4   0x080005f4   0x00000114   Code   RO          253    .text               usart.o
    0x08000708   0x08000708   0x00000040   Code   RO          296    .text               startup_stm32f10x_hd.o
    0x08000748   0x08000748   0x000000b0   Code   RO          300    .text               misc.o
    0x080007f8   0x080007f8   0x00000264   Code   RO          312    .text               stm32f10x_gpio.o
    0x08000a5c   0x08000a5c   0x000002b8   Code   RO          324    .text               stm32f10x_rcc.o
    0x08000d14   0x08000d14   0x00000328   Code   RO          338    .text               stm32f10x_usart.o
    0x0800103c   0x0800103c   0x00000088   Code   RO          402    .text               list.o
    0x080010c4   0x080010c4   0x00000aac   Code   RO          414    .text               queue.o
    0x08001b70   0x08001b70   0x0000134c   Code   RO          436    .text               tasks.o
    0x08002ebc   0x08002ebc   0x00000518   Code   RO          468    .text               timers.o
    0x080033d4   0x080033d4   0x000001f8   Code   RO          484    .text               port.o
    0x080035cc   0x080035cc   0x00000214   Code   RO          514    .text               heap_4.o
    0x080037e0   0x080037e0   0x00000002   Code   RO          531    .text               c_w.l(use_no_semi_2.o)
    0x080037e2   0x080037e2   0x00000002   PAD
    0x080037e4   0x080037e4   0x00000018   Code   RO          537    .text               c_w.l(noretval__2printf.o)
    0x080037fc   0x080037fc   0x00000028   Code   RO          539    .text               c_w.l(noretval__2sprintf.o)
    0x08003824   0x08003824   0x00000068   Code   RO          541    .text               c_w.l(__printf.o)
    0x0800388c   0x0800388c   0x00000052   Code   RO          543    .text               c_w.l(_printf_str.o)
    0x080038de   0x080038de   0x00000002   PAD
    0x080038e0   0x080038e0   0x00000078   Code   RO          545    .text               c_w.l(_printf_dec.o)
    0x08003958   0x08003958   0x00000048   Code   RO          572    .text               c_w.l(strcpy.o)
    0x080039a0   0x080039a0   0x0000003e   Code   RO          574    .text               c_w.l(strlen.o)
    0x080039de   0x080039de   0x0000008a   Code   RO          576    .text               c_w.l(rt_memcpy_v6.o)
    0x08003a68   0x08003a68   0x00000010   Code   RO          578    .text               c_w.l(aeabi_memset.o)
    0x08003a78   0x08003a78   0x00000006   Code   RO          580    .text               c_w.l(heapauxi.o)
    0x08003a7e   0x08003a7e   0x00000002   Code   RO          584    .text               c_w.l(use_no_semi.o)
    0x08003a80   0x08003a80   0x000000b2   Code   RO          587    .text               c_w.l(_printf_intcommon.o)
    0x08003b32   0x08003b32   0x00000002   PAD
    0x08003b34   0x08003b34   0x00000030   Code   RO          589    .text               c_w.l(_printf_char_common.o)
    0x08003b64   0x08003b64   0x0000000a   Code   RO          591    .text               c_w.l(_sputc.o)
    0x08003b6e   0x08003b6e   0x0000002c   Code   RO          593    .text               c_w.l(_printf_char.o)
    0x08003b9a   0x08003b9a   0x00000002   PAD
    0x08003b9c   0x08003b9c   0x00000024   Code   RO          595    .text               c_w.l(_printf_char_file.o)
    0x08003bc0   0x08003bc0   0x00000064   Code   RO          598    .text               c_w.l(rt_memcpy_w.o)
    0x08003c24   0x08003c24   0x00000044   Code   RO          600    .text               c_w.l(rt_memclr.o)
    0x08003c68   0x08003c68   0x00000008   Code   RO          619    .text               c_w.l(ferror.o)
    0x08003c70   0x08003c70   0x0000004e   Code   RO          623    .text               c_w.l(rt_memclr_w.o)
    0x08003cbe   0x08003cbe   0x0000004a   Code   RO          625    .text               c_w.l(sys_stackheap_outer.o)
    0x08003d08   0x08003d08   0x00000012   Code   RO          627    .text               c_w.l(exit.o)
    0x08003d1a   0x08003d1a   0x00000002   PAD
    0x08003d1c   0x08003d1c   0x00000008   Code   RO          635    .text               c_w.l(libspace.o)
    0x08003d24   0x08003d24   0x00000020   Data   RO          758    Region$$Table       anon$$obj.o


    Execution Region RW_IRAM1 (Exec base: 0x20000000, Load base: 0x08003d44, Size: 0x00005b28, Max: 0x0000c000, ABSOLUTE)

    Exec Addr    Load Addr    Size         Type   Attr      Idx    E Section Name        Object

    0x20000000   0x08003d44   0x0000000c   Data   RW            2    .data               main.o
    0x2000000c   0x08003d50   0x00000014   Data   RW          193    .data               system_stm32f10x.o
    0x20000020   0x08003d64   0x00000004   Data   RW          223    .data               delay.o
    0x20000024   0x08003d68   0x00000002   Data   RW          255    .data               usart.o
    0x20000026   0x08003d6a   0x00000002   PAD
    0x20000028   0x08003d6c   0x00000004   Data   RW          256    .data               usart.o
    0x2000002c   0x08003d70   0x00000014   Data   RW          325    .data               stm32f10x_rcc.o
    0x20000040   0x08003d84   0x0000003c   Data   RW          438    .data               tasks.o
    0x2000007c   0x08003dc0   0x00000014   Data   RW          470    .data               timers.o
    0x20000090   0x08003dd4   0x0000000c   Data   RW          485    .data               port.o
    0x2000009c   0x08003de0   0x00000018   Data   RW          516    .data               heap_4.o
    0x200000b4        -       0x000000c8   Zero   RW          254    .bss                usart.o
    0x2000017c        -       0x00000040   Zero   RW          415    .bss                queue.o
    0x200001bc        -       0x000002e4   Zero   RW          437    .bss                tasks.o
    0x200004a0        -       0x00000028   Zero   RW          469    .bss                timers.o
    0x200004c8        -       0x00005000   Zero   RW          515    .bss                heap_4.o
    0x200054c8        -       0x00000060   Zero   RW          636    .bss                c_w.l(libspace.o)
    0x20005528        -       0x00000200   Zero   RW          294    HEAP                startup_stm32f10x_hd.o
    0x20005728        -       0x00000400   Zero   RW          293    STACK               startup_stm32f10x_hd.o


==============================================================================

Image component sizes


      Code (inc. data)   RO Data    RW Data    ZI Data      Debug   Object Name

       216         12          0          4          0       1581   delay.o
         0          0          0          0          0      11668   event_groups.o
       532         66          0         24      20480       3352   heap_4.o
        80         10          0          0          0        475   led.o
       136          0          0          0          0       1762   list.o
       232         48          0         12          0     243448   main.o
       176         14          0          0          0       1857   misc.o
       654         94          0         12          0       7597   port.o
      2732         52          0          0         64      19460   queue.o
        64         26        304          0       1536        776   startup_stm32f10x_hd.o
       612         36          0          0          0       5985   stm32f10x_gpio.o
        12          0          0          0          0        867   stm32f10x_it.o
       696         32          0         20          0       8944   stm32f10x_rcc.o
       808         22          0          0          0       8852   stm32f10x_usart.o
         0          0          0          0          0         32   sys.o
       344         34          0         20          0       1715   system_stm32f10x.o
      4940        180          0         60        740      33190   tasks.o
      1304        128          0         20         40       9008   timers.o
       276         16          0          6        200       3186   usart.o

    ----------------------------------------------------------------------
     13816        770        336        180      23060     363755   Object Totals
         0          0         32          0          0          0   (incl. Generated)
         2          0          0          2          0          0   (incl. Padding)

    ----------------------------------------------------------------------

      Code (inc. data)   RO Data    RW Data    ZI Data      Debug   Library Member Name

         8          0          0          0          0         68   __main.o
       104          0          0          0          0         84   __printf.o
         0          0          0          0          0          0   __rtentry.o
        12          0          0          0          0          0   __rtentry2.o
         6          0          0          0          0          0   __rtentry4.o
        52          8          0          0          0          0   __scatter.o
        26          0          0          0          0          0   __scatter_copy.o
        28          0          0          0          0          0   __scatter_zi.o
         6          0          0          0          0          0   _printf_c.o
        44          0          0          0          0        108   _printf_char.o
        48          6          0          0          0         96   _printf_char_common.o
        36          4          0          0          0         80   _printf_char_file.o
         6          0          0          0          0          0   _printf_d.o
       120         16          0          0          0         92   _printf_dec.o
       178          0          0          0          0         88   _printf_intcommon.o
         0          0          0          0          0          0   _printf_percent.o
         4          0          0          0          0          0   _printf_percent_end.o
         6          0          0          0          0          0   _printf_s.o
        82          0          0          0          0         80   _printf_str.o
         6          0          0          0          0          0   _printf_u.o
        10          0          0          0          0         68   _sputc.o
        16          0          0          0          0         68   aeabi_memset.o
        18          0          0          0          0         80   exit.o
         8          0          0          0          0         68   ferror.o
         6          0          0          0          0        152   heapauxi.o
         2          0          0          0          0          0   libinit.o
         2          0          0          0          0          0   libinit2.o
         2          0          0          0          0          0   libshutdown.o
         2          0          0          0          0          0   libshutdown2.o
         8          4          0          0         96         68   libspace.o
        24          4          0          0          0         84   noretval__2printf.o
        40          6          0          0          0         84   noretval__2sprintf.o
        68          0          0          0          0         68   rt_memclr.o
        78          0          0          0          0         80   rt_memclr_w.o
       138          0          0          0          0         68   rt_memcpy_v6.o
       100          0          0          0          0         80   rt_memcpy_w.o
         2          0          0          0          0          0   rtexit.o
        10          0          0          0          0          0   rtexit2.o
        72          0          0          0          0         80   strcpy.o
        62          0          0          0          0         76   strlen.o
        74          0          0          0          0         80   sys_stackheap_outer.o
         2          0          0          0          0         68   use_no_semi.o
         2          0          0          0          0         68   use_no_semi_2.o

    ----------------------------------------------------------------------
      1532         48          0          0         96       2036   Library Totals
        14          0          0          0          0          0   (incl. Padding)

    ----------------------------------------------------------------------

      Code (inc. data)   RO Data    RW Data    ZI Data      Debug   Library Name

      1518         48          0          0         96       2036   c_w.l

    ----------------------------------------------------------------------
      1532         48          0          0         96       2036   Library Totals

    ----------------------------------------------------------------------

==============================================================================


      Code (inc. data)   RO Data    RW Data    ZI Data      Debug   

     15348        818        336        180      23156     362563   Grand Totals
     15348        818        336        180      23156     362563   ELF Image Totals
     15348        818        336        180          0          0   ROM Totals

==============================================================================

    Total RO  Size (Code + RO Data)                15684 (  15.32kB)
    Total RW  Size (RW Data + ZI Data)             23336 (  22.79kB)
    Total ROM Size (Code + RO Data + RW Data)      15864 (  15.49kB)

==============================================================================

